../Middlewares/ST/STM32WB05N/hci/controller/stm32wb05n_hal_aci.c:26:12:aci_hal_get_fw_build_number	48	static
../Middlewares/ST/STM32WB05N/hci/controller/stm32wb05n_hal_aci.c:45:12:aci_hal_get_firmware_details	72	static
../Middlewares/ST/STM32WB05N/hci/controller/stm32wb05n_hal_aci.c:84:12:aci_hal_get_firmware_details_v2	72	static
../Middlewares/ST/STM32WB05N/hci/controller/stm32wb05n_hal_aci.c:123:12:aci_hal_write_config_data	592	static
../Middlewares/ST/STM32WB05N/hci/controller/stm32wb05n_hal_aci.c:156:12:aci_hal_read_config_data	720	static
../Middlewares/ST/STM32WB05N/hci/controller/stm32wb05n_hal_aci.c:185:12:aci_hal_set_tx_power_level	592	static
../Middlewares/ST/STM32WB05N/hci/controller/stm32wb05n_hal_aci.c:212:12:aci_hal_le_tx_test_packet_number	56	static
../Middlewares/ST/STM32WB05N/hci/controller/stm32wb05n_hal_aci.c:231:12:aci_hal_tone_start	592	static
../Middlewares/ST/STM32WB05N/hci/controller/stm32wb05n_hal_aci.c:258:12:aci_hal_tone_stop	40	static
../Middlewares/ST/STM32WB05N/hci/controller/stm32wb05n_hal_aci.c:275:12:aci_hal_get_link_status	624	static
../Middlewares/ST/STM32WB05N/hci/controller/stm32wb05n_hal_aci.c:304:12:aci_hal_set_radio_activity_mask	592	static
../Middlewares/ST/STM32WB05N/hci/controller/stm32wb05n_hal_aci.c:328:12:aci_hal_set_le_power_control	600	static
../Middlewares/ST/STM32WB05N/hci/controller/stm32wb05n_hal_aci.c:367:12:aci_hal_updater_start	40	static
../Middlewares/ST/STM32WB05N/hci/controller/stm32wb05n_hal_aci.c:384:12:aci_hal_updater_reboot	40	static
../Middlewares/ST/STM32WB05N/hci/controller/stm32wb05n_hal_aci.c:401:12:aci_hal_get_updater_version	48	static
../Middlewares/ST/STM32WB05N/hci/controller/stm32wb05n_hal_aci.c:420:12:aci_hal_get_updater_bufsize	48	static
../Middlewares/ST/STM32WB05N/hci/controller/stm32wb05n_hal_aci.c:439:12:aci_hal_updater_erase_blue_flag	40	static
../Middlewares/ST/STM32WB05N/hci/controller/stm32wb05n_hal_aci.c:456:12:aci_hal_updater_reset_blue_flag	40	static
../Middlewares/ST/STM32WB05N/hci/controller/stm32wb05n_hal_aci.c:473:12:aci_hal_updater_erase_sector	592	static
../Middlewares/ST/STM32WB05N/hci/controller/stm32wb05n_hal_aci.c:497:12:aci_hal_updater_prog_data_blk	600	static
../Middlewares/ST/STM32WB05N/hci/controller/stm32wb05n_hal_aci.c:530:12:aci_hal_updater_read_data_blk	720	static
../Middlewares/ST/STM32WB05N/hci/controller/stm32wb05n_hal_aci.c:560:12:aci_hal_updater_calc_crc	600	static
../Middlewares/ST/STM32WB05N/hci/controller/stm32wb05n_hal_aci.c:590:12:aci_hal_updater_hw_version	48	static
../Middlewares/ST/STM32WB05N/hci/controller/stm32wb05n_hal_aci.c:609:12:aci_hal_transmitter_test_packets	600	static
../Middlewares/ST/STM32WB05N/hci/controller/stm32wb05n_hal_aci.c:646:12:aci_hal_transmitter_test_packets_v2	600	static
../Middlewares/ST/STM32WB05N/hci/controller/stm32wb05n_hal_aci.c:697:12:aci_hal_write_radio_reg	600	static
../Middlewares/ST/STM32WB05N/hci/controller/stm32wb05n_hal_aci.c:730:12:aci_hal_read_radio_reg	728	static
../Middlewares/ST/STM32WB05N/hci/controller/stm32wb05n_hal_aci.c:762:12:aci_hal_set_antenna_switch_parameters	600	static
../Middlewares/ST/STM32WB05N/hci/controller/stm32wb05n_hal_aci.c:795:12:aci_hal_peripheral_latency_enable	592	static
../Middlewares/ST/STM32WB05N/hci/controller/stm32wb05n_hal_aci.c:822:12:aci_hal_get_evt_fifo_max_level	64	static
../Middlewares/ST/STM32WB05N/hci/controller/stm32wb05n_hal_aci.c:845:12:aci_test_tx_notification_start	600	static
../Middlewares/ST/STM32WB05N/hci/controller/stm32wb05n_hal_aci.c:878:12:aci_test_tx_write_command_start	600	static
../Middlewares/ST/STM32WB05N/hci/controller/stm32wb05n_hal_aci.c:908:12:aci_test_rx_start	600	static
../Middlewares/ST/STM32WB05N/hci/controller/stm32wb05n_hal_aci.c:938:12:aci_test_stop	592	static
../Middlewares/ST/STM32WB05N/hci/controller/stm32wb05n_hal_aci.c:962:12:aci_test_report	72	static
