../Middlewares/ST/STM32WB05N/hci/stm32wb05n_events.c:335:12:hci_disconnection_complete_event_process	24	static
../Middlewares/ST/STM32WB05N/hci/stm32wb05n_events.c:377:12:hci_encryption_change_event_process	24	static
../Middlewares/ST/STM32WB05N/hci/stm32wb05n_events.c:420:12:hci_read_remote_version_information_complete_event_process	40	static
../Middlewares/ST/STM32WB05N/hci/stm32wb05n_events.c:464:12:hci_hardware_error_event_process	24	static
../Middlewares/ST/STM32WB05N/hci/stm32wb05n_events.c:497:12:hci_number_of_completed_packets_event_process	160	static
../Middlewares/ST/STM32WB05N/hci/stm32wb05n_events.c:529:12:hci_data_buffer_overflow_event_process	24	static
../Middlewares/ST/STM32WB05N/hci/stm32wb05n_events.c:560:12:hci_encryption_key_refresh_complete_event_process	24	static
../Middlewares/ST/STM32WB05N/hci/stm32wb05n_events.c:583:12:hci_authenticated_payload_timeout_expired_event_process	24	static
../Middlewares/ST/STM32WB05N/hci/stm32wb05n_events.c:614:12:aci_blue_initialized_event_process	24	static
../Middlewares/ST/STM32WB05N/hci/stm32wb05n_events.c:650:12:aci_blue_crash_info_event_process	80	static
../Middlewares/ST/STM32WB05N/hci/stm32wb05n_events.c:711:12:aci_hal_end_of_radio_activity_event_process	24	static
../Middlewares/ST/STM32WB05N/hci/stm32wb05n_events.c:753:12:aci_hal_fw_error_event_process	24	static
../Middlewares/ST/STM32WB05N/hci/stm32wb05n_events.c:773:12:aci_hal_le_test_end_event_process	24	static
../Middlewares/ST/STM32WB05N/hci/stm32wb05n_events.c:790:12:aci_gap_limited_discoverable_event_process	24	static
../Middlewares/ST/STM32WB05N/hci/stm32wb05n_events.c:837:12:aci_gap_pairing_complete_event_process	24	static
../Middlewares/ST/STM32WB05N/hci/stm32wb05n_events.c:865:12:aci_gap_passkey_req_event_process	24	static
../Middlewares/ST/STM32WB05N/hci/stm32wb05n_events.c:899:12:aci_gap_proc_complete_event_process	24	static
../Middlewares/ST/STM32WB05N/hci/stm32wb05n_events.c:923:12:aci_gap_addr_not_resolved_event_process	24	static
../Middlewares/ST/STM32WB05N/hci/stm32wb05n_events.c:945:12:aci_gap_numeric_comparison_value_event_process	24	static
../Middlewares/ST/STM32WB05N/hci/stm32wb05n_events.c:974:12:aci_gap_keypress_notification_event_process	24	static
../Middlewares/ST/STM32WB05N/hci/stm32wb05n_events.c:1007:12:aci_gap_pairing_event_process	24	static
../Middlewares/ST/STM32WB05N/hci/stm32wb05n_events.c:1028:12:aci_l2cap_connection_update_resp_event_process	24	static
../Middlewares/ST/STM32WB05N/hci/stm32wb05n_events.c:1051:12:aci_l2cap_proc_timeout_event_process	24	static
../Middlewares/ST/STM32WB05N/hci/stm32wb05n_events.c:1095:12:aci_l2cap_connection_update_req_event_process	56	static
../Middlewares/ST/STM32WB05N/hci/stm32wb05n_events.c:1120:12:aci_l2cap_cos_disconnection_complete_event_process	24	static
../Middlewares/ST/STM32WB05N/hci/stm32wb05n_events.c:1148:12:aci_l2cap_cos_flow_control_credit_event_process	24	static
../Middlewares/ST/STM32WB05N/hci/stm32wb05n_events.c:1173:12:aci_l2cap_cos_sdu_data_tx_event_process	24	static
../Middlewares/ST/STM32WB05N/hci/stm32wb05n_events.c:1200:12:aci_l2cap_cos_sdu_data_rx_nwk_event_process	40	static
../Middlewares/ST/STM32WB05N/hci/stm32wb05n_events.c:1254:12:aci_l2cap_cos_reconfiguration_event_process	184	static
../Middlewares/ST/STM32WB05N/hci/stm32wb05n_events.c:1288:12:aci_l2cap_command_reject_event_process	40	static
../Middlewares/ST/STM32WB05N/hci/stm32wb05n_events.c:1335:12:aci_l2cap_cos_connection_req_event_process	56	static
../Middlewares/ST/STM32WB05N/hci/stm32wb05n_events.c:1403:12:aci_l2cap_cos_connection_resp_event_process	184	static
../Middlewares/ST/STM32WB05N/hci/stm32wb05n_events.c:1442:12:aci_gatt_srv_attribute_modified_event_process	40	static
../Middlewares/ST/STM32WB05N/hci/stm32wb05n_events.c:1474:12:aci_gatt_proc_timeout_event_process	24	static
../Middlewares/ST/STM32WB05N/hci/stm32wb05n_events.c:1496:12:aci_att_exchange_mtu_resp_event_process	24	static
../Middlewares/ST/STM32WB05N/hci/stm32wb05n_events.c:1525:12:aci_att_clt_find_info_resp_event_process	40	static
../Middlewares/ST/STM32WB05N/hci/stm32wb05n_events.c:1552:12:aci_att_clt_find_by_type_value_resp_event_process	160	static
../Middlewares/ST/STM32WB05N/hci/stm32wb05n_events.c:1593:12:aci_att_clt_read_by_type_resp_event_process	40	static
../Middlewares/ST/STM32WB05N/hci/stm32wb05n_events.c:1620:12:aci_att_clt_read_resp_event_process	24	static
../Middlewares/ST/STM32WB05N/hci/stm32wb05n_events.c:1646:12:aci_att_clt_read_blob_resp_event_process	24	static
../Middlewares/ST/STM32WB05N/hci/stm32wb05n_events.c:1674:12:aci_att_clt_read_multiple_resp_event_process	24	static
../Middlewares/ST/STM32WB05N/hci/stm32wb05n_events.c:1705:12:aci_att_clt_read_by_group_type_resp_event_process	40	static
../Middlewares/ST/STM32WB05N/hci/stm32wb05n_events.c:1735:12:aci_att_clt_prepare_write_resp_event_process	40	static
../Middlewares/ST/STM32WB05N/hci/stm32wb05n_events.c:1762:12:aci_att_clt_exec_write_resp_event_process	24	static
../Middlewares/ST/STM32WB05N/hci/stm32wb05n_events.c:1787:12:aci_gatt_clt_indication_event_process	40	static
../Middlewares/ST/STM32WB05N/hci/stm32wb05n_events.c:1815:12:aci_gatt_clt_notification_event_process	40	static
../Middlewares/ST/STM32WB05N/hci/stm32wb05n_events.c:1842:12:aci_gatt_clt_proc_complete_event_process	24	static
../Middlewares/ST/STM32WB05N/hci/stm32wb05n_events.c:1891:12:aci_gatt_clt_error_resp_event_process	40	static
../Middlewares/ST/STM32WB05N/hci/stm32wb05n_events.c:1930:12:aci_gatt_clt_disc_read_char_by_uuid_resp_event_process	40	static
../Middlewares/ST/STM32WB05N/hci/stm32wb05n_events.c:1955:12:aci_gatt_tx_pool_available_event_process	24	static
../Middlewares/ST/STM32WB05N/hci/stm32wb05n_events.c:1977:12:aci_gatt_srv_confirmation_event_process	24	static
../Middlewares/ST/STM32WB05N/hci/stm32wb05n_events.c:2008:12:aci_att_srv_exec_write_req_event_process	24	static
../Middlewares/ST/STM32WB05N/hci/stm32wb05n_events.c:2047:12:aci_gatt_srv_authorize_nwk_event_process	56	static
../Middlewares/ST/STM32WB05N/hci/stm32wb05n_events.c:2078:12:aci_att_clt_read_multiple_var_len_resp_event_process	24	static
../Middlewares/ST/STM32WB05N/hci/stm32wb05n_events.c:2146:12:hci_le_connection_complete_event_process	64	static
../Middlewares/ST/STM32WB05N/hci/stm32wb05n_events.c:2178:12:hci_le_advertising_report_event_process	152	static
../Middlewares/ST/STM32WB05N/hci/stm32wb05n_events.c:2235:12:hci_le_connection_update_complete_event_process	40	static
../Middlewares/ST/STM32WB05N/hci/stm32wb05n_events.c:2266:12:hci_le_read_remote_features_complete_event_process	24	static
../Middlewares/ST/STM32WB05N/hci/stm32wb05n_events.c:2292:12:hci_le_long_term_key_request_event_process	24	static
../Middlewares/ST/STM32WB05N/hci/stm32wb05n_events.c:2335:12:hci_le_data_length_change_event_process	40	static
../Middlewares/ST/STM32WB05N/hci/stm32wb05n_events.c:2358:12:hci_le_read_local_p256_public_key_complete_event_process	24	static
../Middlewares/ST/STM32WB05N/hci/stm32wb05n_events.c:2379:12:hci_le_generate_dhkey_complete_event_process	24	static
../Middlewares/ST/STM32WB05N/hci/stm32wb05n_events.c:2462:12:hci_le_enhanced_connection_complete_event_process	80	static
../Middlewares/ST/STM32WB05N/hci/stm32wb05n_events.c:2504:12:hci_le_directed_advertising_report_event_process	160	static
../Middlewares/ST/STM32WB05N/hci/stm32wb05n_events.c:2557:12:hci_le_phy_update_complete_event_process	24	static
../Middlewares/ST/STM32WB05N/hci/stm32wb05n_events.c:2599:12:hci_le_extended_advertising_report_event_process	144	static
../Middlewares/ST/STM32WB05N/hci/stm32wb05n_events.c:2698:12:hci_le_periodic_advertising_sync_established_event_process	56	static
../Middlewares/ST/STM32WB05N/hci/stm32wb05n_events.c:2761:12:hci_le_periodic_advertising_report_event_process	56	static
../Middlewares/ST/STM32WB05N/hci/stm32wb05n_events.c:2789:12:hci_le_periodic_advertising_sync_lost_event_process	24	static
../Middlewares/ST/STM32WB05N/hci/stm32wb05n_events.c:2807:12:hci_le_scan_timeout_event_process	24	static
../Middlewares/ST/STM32WB05N/hci/stm32wb05n_events.c:2849:12:hci_le_advertising_set_terminated_event_process	24	static
../Middlewares/ST/STM32WB05N/hci/stm32wb05n_events.c:2890:12:hci_le_scan_request_received_event_process	24	static
../Middlewares/ST/STM32WB05N/hci/stm32wb05n_events.c:2918:12:hci_le_channel_selection_algorithm_event_process	24	static
../Middlewares/ST/STM32WB05N/hci/stm32wb05n_events.c:3005:12:hci_le_connectionless_iq_report_event_process	200	static
../Middlewares/ST/STM32WB05N/hci/stm32wb05n_events.c:3096:12:hci_le_connection_iq_report_event_process	216	static
../Middlewares/ST/STM32WB05N/hci/stm32wb05n_events.c:3143:12:hci_le_cte_request_failed_event_process	24	static
../Middlewares/ST/STM32WB05N/hci/stm32wb05n_events.c:3215:12:hci_le_periodic_advertising_sync_transfer_received_event_process	64	static
../Middlewares/ST/STM32WB05N/hci/stm32wb05n_events.c:3324:12:hci_le_cis_established_event_process	112	static
../Middlewares/ST/STM32WB05N/hci/stm32wb05n_events.c:3384:12:hci_le_cis_request_event_process	24	static
../Middlewares/ST/STM32WB05N/hci/stm32wb05n_events.c:3445:12:hci_le_create_big_complete_event_process	224	static
../Middlewares/ST/STM32WB05N/hci/stm32wb05n_events.c:3483:12:hci_le_terminate_big_complete_event_process	24	static
../Middlewares/ST/STM32WB05N/hci/stm32wb05n_events.c:3533:12:hci_le_big_sync_established_event_process	208	static
../Middlewares/ST/STM32WB05N/hci/stm32wb05n_events.c:3570:12:hci_le_big_sync_lost_event_process	24	static
../Middlewares/ST/STM32WB05N/hci/stm32wb05n_events.c:3604:12:hci_le_request_peer_sca_complete_event_process	24	static
../Middlewares/ST/STM32WB05N/hci/stm32wb05n_events.c:3637:12:hci_le_path_loss_threshold_event_process	24	static
../Middlewares/ST/STM32WB05N/hci/stm32wb05n_events.c:3695:12:hci_le_transmit_power_reporting_event_process	56	static
../Middlewares/ST/STM32WB05N/hci/stm32wb05n_events.c:3772:12:hci_le_biginfo_advertising_report_event_process	96	static
../Middlewares/ST/STM32WB05N/hci/stm32wb05n_events.c:3829:12:hci_le_subrate_change_event_process	40	static
../Middlewares/ST/STM32WB05N/hci/stm32wb05n_events.c:3924:12:hci_le_periodic_advertising_sync_established_v2_event_process	80	static
../Middlewares/ST/STM32WB05N/hci/stm32wb05n_events.c:4018:12:hci_le_periodic_advertising_report_v2_event_process	64	static
../Middlewares/ST/STM32WB05N/hci/stm32wb05n_events.c:4117:12:hci_le_periodic_advertising_sync_transfer_received_v2_event_process	96	static
../Middlewares/ST/STM32WB05N/hci/stm32wb05n_events.c:4165:12:hci_le_periodic_advertising_subevent_data_request_event_process	24	static
../Middlewares/ST/STM32WB05N/hci/stm32wb05n_events.c:4202:12:hci_le_periodic_advertising_response_report_event_process	168	static
../Middlewares/ST/STM32WB05N/hci/stm32wb05n_events.c:4326:12:hci_le_enhanced_connection_complete_v2_event_process	96	static
