../Middlewares/ST/STM32WB05N/hci/stm32wb05n_events_cb.c:45:1:hci_disconnection_complete_event	16	static
../Middlewares/ST/STM32WB05N/hci/stm32wb05n_events_cb.c:82:1:hci_encryption_change_event	16	static
../Middlewares/ST/STM32WB05N/hci/stm32wb05n_events_cb.c:120:1:hci_read_remote_version_information_complete_event	16	static
../Middlewares/ST/STM32WB05N/hci/stm32wb05n_events_cb.c:159:1:hci_hardware_error_event	16	static
../Middlewares/ST/STM32WB05N/hci/stm32wb05n_events_cb.c:187:1:hci_number_of_completed_packets_event	16	static
../Middlewares/ST/STM32WB05N/hci/stm32wb05n_events_cb.c:205:1:hci_data_buffer_overflow_event	16	static
../Middlewares/ST/STM32WB05N/hci/stm32wb05n_events_cb.c:231:1:hci_encryption_key_refresh_complete_event	16	static
../Middlewares/ST/STM32WB05N/hci/stm32wb05n_events_cb.c:249:1:hci_authenticated_payload_timeout_expired_event	16	static
../Middlewares/ST/STM32WB05N/hci/stm32wb05n_events_cb.c:269:12:hci_rx_acl_data_event	16	static
../Middlewares/ST/STM32WB05N/hci/stm32wb05n_events_cb.c:292:12:hci_le_rx_iso_data_event	16	static
../Middlewares/ST/STM32WB05N/hci/stm32wb05n_events_cb.c:338:1:aci_blue_initialized_event	16	static
../Middlewares/ST/STM32WB05N/hci/stm32wb05n_events_cb.c:369:1:aci_blue_crash_info_event	24	static
../Middlewares/ST/STM32WB05N/hci/stm32wb05n_events_cb.c:425:1:aci_hal_end_of_radio_activity_event	16	static
../Middlewares/ST/STM32WB05N/hci/stm32wb05n_events_cb.c:462:1:aci_hal_fw_error_event	16	static
../Middlewares/ST/STM32WB05N/hci/stm32wb05n_events_cb.c:477:1:aci_hal_le_test_end_event	16	static
../Middlewares/ST/STM32WB05N/hci/stm32wb05n_events_cb.c:504:1:aci_gap_limited_discoverable_event	4	static
../Middlewares/ST/STM32WB05N/hci/stm32wb05n_events_cb.c:548:1:aci_gap_pairing_complete_event	16	static
../Middlewares/ST/STM32WB05N/hci/stm32wb05n_events_cb.c:573:1:aci_gap_passkey_req_event	16	static
../Middlewares/ST/STM32WB05N/hci/stm32wb05n_events_cb.c:602:1:aci_gap_proc_complete_event	16	static
../Middlewares/ST/STM32WB05N/hci/stm32wb05n_events_cb.c:621:1:aci_gap_addr_not_resolved_event	16	static
../Middlewares/ST/STM32WB05N/hci/stm32wb05n_events_cb.c:638:1:aci_gap_numeric_comparison_value_event	16	static
../Middlewares/ST/STM32WB05N/hci/stm32wb05n_events_cb.c:662:1:aci_gap_keypress_notification_event	16	static
../Middlewares/ST/STM32WB05N/hci/stm32wb05n_events_cb.c:693:1:aci_gap_pairing_event	16	static
../Middlewares/ST/STM32WB05N/hci/stm32wb05n_events_cb.c:709:1:aci_l2cap_connection_update_resp_event	16	static
../Middlewares/ST/STM32WB05N/hci/stm32wb05n_events_cb.c:727:1:aci_l2cap_proc_timeout_event	16	static
../Middlewares/ST/STM32WB05N/hci/stm32wb05n_events_cb.c:766:1:aci_l2cap_connection_update_req_event	16	static
../Middlewares/ST/STM32WB05N/hci/stm32wb05n_events_cb.c:786:1:aci_l2cap_cos_disconnection_complete_event	16	static
../Middlewares/ST/STM32WB05N/hci/stm32wb05n_events_cb.c:809:1:aci_l2cap_cos_flow_control_credit_event	16	static
../Middlewares/ST/STM32WB05N/hci/stm32wb05n_events_cb.c:829:1:aci_l2cap_cos_sdu_data_tx_event	16	static
../Middlewares/ST/STM32WB05N/hci/stm32wb05n_events_cb.c:851:1:aci_l2cap_cos_sdu_data_rx_nwk_event	16	static
../Middlewares/ST/STM32WB05N/hci/stm32wb05n_events_cb.c:900:1:aci_l2cap_cos_reconfiguration_event	16	static
../Middlewares/ST/STM32WB05N/hci/stm32wb05n_events_cb.c:924:1:aci_l2cap_command_reject_event	16	static
../Middlewares/ST/STM32WB05N/hci/stm32wb05n_events_cb.c:969:1:aci_l2cap_cos_connection_req_event	16	static
../Middlewares/ST/STM32WB05N/hci/stm32wb05n_events_cb.c:1035:1:aci_l2cap_cos_connection_resp_event	16	static
../Middlewares/ST/STM32WB05N/hci/stm32wb05n_events_cb.c:1065:1:aci_gatt_srv_attribute_modified_event	16	static
../Middlewares/ST/STM32WB05N/hci/stm32wb05n_events_cb.c:1092:1:aci_gatt_proc_timeout_event	16	static
../Middlewares/ST/STM32WB05N/hci/stm32wb05n_events_cb.c:1109:1:aci_att_exchange_mtu_resp_event	16	static
../Middlewares/ST/STM32WB05N/hci/stm32wb05n_events_cb.c:1133:1:aci_att_clt_find_info_resp_event	16	static
../Middlewares/ST/STM32WB05N/hci/stm32wb05n_events_cb.c:1155:1:aci_att_clt_find_by_type_value_resp_event	24	static
../Middlewares/ST/STM32WB05N/hci/stm32wb05n_events_cb.c:1182:1:aci_att_clt_read_by_type_resp_event	16	static
../Middlewares/ST/STM32WB05N/hci/stm32wb05n_events_cb.c:1204:1:aci_att_clt_read_resp_event	24	static
../Middlewares/ST/STM32WB05N/hci/stm32wb05n_events_cb.c:1225:1:aci_att_clt_read_blob_resp_event	24	static
../Middlewares/ST/STM32WB05N/hci/stm32wb05n_events_cb.c:1248:1:aci_att_clt_read_multiple_resp_event	24	static
../Middlewares/ST/STM32WB05N/hci/stm32wb05n_events_cb.c:1274:1:aci_att_clt_read_by_group_type_resp_event	16	static
../Middlewares/ST/STM32WB05N/hci/stm32wb05n_events_cb.c:1299:1:aci_att_clt_prepare_write_resp_event	16	static
../Middlewares/ST/STM32WB05N/hci/stm32wb05n_events_cb.c:1321:1:aci_att_clt_exec_write_resp_event	16	static
../Middlewares/ST/STM32WB05N/hci/stm32wb05n_events_cb.c:1341:1:aci_gatt_clt_indication_event	16	static
../Middlewares/ST/STM32WB05N/hci/stm32wb05n_events_cb.c:1364:1:aci_gatt_clt_notification_event	16	static
../Middlewares/ST/STM32WB05N/hci/stm32wb05n_events_cb.c:1386:1:aci_gatt_clt_proc_complete_event	16	static
../Middlewares/ST/STM32WB05N/hci/stm32wb05n_events_cb.c:1430:1:aci_gatt_clt_error_resp_event	16	static
../Middlewares/ST/STM32WB05N/hci/stm32wb05n_events_cb.c:1464:1:aci_gatt_clt_disc_read_char_by_uuid_resp_event	16	static
../Middlewares/ST/STM32WB05N/hci/stm32wb05n_events_cb.c:1484:1:aci_gatt_tx_pool_available_event	16	static
../Middlewares/ST/STM32WB05N/hci/stm32wb05n_events_cb.c:1501:1:aci_gatt_srv_confirmation_event	16	static
../Middlewares/ST/STM32WB05N/hci/stm32wb05n_events_cb.c:1527:1:aci_att_srv_exec_write_req_event	16	static
../Middlewares/ST/STM32WB05N/hci/stm32wb05n_events_cb.c:1561:1:aci_gatt_srv_authorize_nwk_event	16	static
../Middlewares/ST/STM32WB05N/hci/stm32wb05n_events_cb.c:1587:1:aci_att_clt_read_multiple_var_len_resp_event	24	static
../Middlewares/ST/STM32WB05N/hci/stm32wb05n_events_cb.c:1657:1:hci_le_connection_complete_event	16	static
../Middlewares/ST/STM32WB05N/hci/stm32wb05n_events_cb.c:1684:1:hci_le_advertising_report_event	16	static
../Middlewares/ST/STM32WB05N/hci/stm32wb05n_events_cb.c:1719:1:hci_le_connection_update_complete_event	16	static
../Middlewares/ST/STM32WB05N/hci/stm32wb05n_events_cb.c:1745:1:hci_le_read_remote_features_complete_event	16	static
../Middlewares/ST/STM32WB05N/hci/stm32wb05n_events_cb.c:1766:1:hci_le_long_term_key_request_event	16	static
../Middlewares/ST/STM32WB05N/hci/stm32wb05n_events_cb.c:1804:1:hci_le_data_length_change_event	16	static
../Middlewares/ST/STM32WB05N/hci/stm32wb05n_events_cb.c:1822:1:hci_le_read_local_p256_public_key_complete_event	16	static
../Middlewares/ST/STM32WB05N/hci/stm32wb05n_events_cb.c:1838:1:hci_le_generate_dhkey_complete_event	16	static
../Middlewares/ST/STM32WB05N/hci/stm32wb05n_events_cb.c:1916:1:hci_le_enhanced_connection_complete_event	16	static
../Middlewares/ST/STM32WB05N/hci/stm32wb05n_events_cb.c:1953:1:hci_le_directed_advertising_report_event	16	static
../Middlewares/ST/STM32WB05N/hci/stm32wb05n_events_cb.c:1984:1:hci_le_phy_update_complete_event	16	static
../Middlewares/ST/STM32WB05N/hci/stm32wb05n_events_cb.c:2021:1:hci_le_extended_advertising_report_event	16	static
../Middlewares/ST/STM32WB05N/hci/stm32wb05n_events_cb.c:2084:1:hci_le_periodic_advertising_sync_established_event	16	static
../Middlewares/ST/STM32WB05N/hci/stm32wb05n_events_cb.c:2142:1:hci_le_periodic_advertising_report_event	16	static
../Middlewares/ST/STM32WB05N/hci/stm32wb05n_events_cb.c:2165:1:hci_le_periodic_advertising_sync_lost_event	16	static
../Middlewares/ST/STM32WB05N/hci/stm32wb05n_events_cb.c:2178:1:hci_le_scan_timeout_event	4	static
../Middlewares/ST/STM32WB05N/hci/stm32wb05n_events_cb.c:2217:1:hci_le_advertising_set_terminated_event	16	static
../Middlewares/ST/STM32WB05N/hci/stm32wb05n_events_cb.c:2253:1:hci_le_scan_request_received_event	16	static
../Middlewares/ST/STM32WB05N/hci/stm32wb05n_events_cb.c:2276:1:hci_le_channel_selection_algorithm_event	16	static
../Middlewares/ST/STM32WB05N/hci/stm32wb05n_events_cb.c:2358:1:hci_le_connectionless_iq_report_event	16	static
../Middlewares/ST/STM32WB05N/hci/stm32wb05n_events_cb.c:2435:1:hci_le_connection_iq_report_event	16	static
../Middlewares/ST/STM32WB05N/hci/stm32wb05n_events_cb.c:2468:1:hci_le_cte_request_failed_event	16	static
../Middlewares/ST/STM32WB05N/hci/stm32wb05n_events_cb.c:2535:1:hci_le_periodic_advertising_sync_transfer_received_event	16	static
../Middlewares/ST/STM32WB05N/hci/stm32wb05n_events_cb.c:2639:1:hci_le_cis_established_event	24	static
../Middlewares/ST/STM32WB05N/hci/stm32wb05n_events_cb.c:2694:1:hci_le_cis_request_event	16	static
../Middlewares/ST/STM32WB05N/hci/stm32wb05n_events_cb.c:2750:1:hci_le_create_big_complete_event	24	static
../Middlewares/ST/STM32WB05N/hci/stm32wb05n_events_cb.c:2778:1:hci_le_terminate_big_complete_event	16	static
../Middlewares/ST/STM32WB05N/hci/stm32wb05n_events_cb.c:2823:1:hci_le_big_sync_established_event	16	static
../Middlewares/ST/STM32WB05N/hci/stm32wb05n_events_cb.c:2850:1:hci_le_big_sync_lost_event	16	static
../Middlewares/ST/STM32WB05N/hci/stm32wb05n_events_cb.c:2879:1:hci_le_request_peer_sca_complete_event	16	static
../Middlewares/ST/STM32WB05N/hci/stm32wb05n_events_cb.c:2907:1:hci_le_path_loss_threshold_event	16	static
../Middlewares/ST/STM32WB05N/hci/stm32wb05n_events_cb.c:2960:1:hci_le_transmit_power_reporting_event	16	static
../Middlewares/ST/STM32WB05N/hci/stm32wb05n_events_cb.c:3032:1:hci_le_biginfo_advertising_report_event	16	static
../Middlewares/ST/STM32WB05N/hci/stm32wb05n_events_cb.c:3084:1:hci_le_subrate_change_event	16	static
../Middlewares/ST/STM32WB05N/hci/stm32wb05n_events_cb.c:3177:1:hci_le_periodic_advertising_sync_established_v2_event	16	static
../Middlewares/ST/STM32WB05N/hci/stm32wb05n_events_cb.c:3269:1:hci_le_periodic_advertising_report_v2_event	16	static
../Middlewares/ST/STM32WB05N/hci/stm32wb05n_events_cb.c:3366:1:hci_le_periodic_advertising_sync_transfer_received_v2_event	16	static
../Middlewares/ST/STM32WB05N/hci/stm32wb05n_events_cb.c:3412:1:hci_le_periodic_advertising_subevent_data_request_event	16	static
../Middlewares/ST/STM32WB05N/hci/stm32wb05n_events_cb.c:3447:1:hci_le_periodic_advertising_response_report_event	16	static
../Middlewares/ST/STM32WB05N/hci/stm32wb05n_events_cb.c:3550:1:hci_le_enhanced_connection_complete_v2_event	16	static
