Archive member included to satisfy reference by file (symbol)

C:/ST/STM32CubeIDE_1.13.2/STM32CubeIDE/plugins/com.st.stm32cube.ide.mcu.externaltools.gnu-tools-for-stm32.12.3.rel1.win32_1.1.0.202410251130/tools/bin/../lib/gcc/arm-none-eabi/12.3.1/../../../../arm-none-eabi/lib/thumb/v8-m.main+fp/hard\libc_nano.a(libc_a-exit.o)
                              C:/ST/STM32CubeIDE_1.13.2/STM32CubeIDE/plugins/com.st.stm32cube.ide.mcu.externaltools.gnu-tools-for-stm32.12.3.rel1.win32_1.1.0.202410251130/tools/bin/../lib/gcc/arm-none-eabi/12.3.1/../../../../arm-none-eabi/lib/thumb/v8-m.main+fp/hard/crt0.o (exit)
C:/ST/STM32CubeIDE_1.13.2/STM32CubeIDE/plugins/com.st.stm32cube.ide.mcu.externaltools.gnu-tools-for-stm32.12.3.rel1.win32_1.1.0.202410251130/tools/bin/../lib/gcc/arm-none-eabi/12.3.1/../../../../arm-none-eabi/lib/thumb/v8-m.main+fp/hard\libc_nano.a(libc_a-rand.o)
                              ./STM32WB05N/App/app_stm32wb05n.o (srand)
C:/ST/STM32CubeIDE_1.13.2/STM32CubeIDE/plugins/com.st.stm32cube.ide.mcu.externaltools.gnu-tools-for-stm32.12.3.rel1.win32_1.1.0.202410251130/tools/bin/../lib/gcc/arm-none-eabi/12.3.1/../../../../arm-none-eabi/lib/thumb/v8-m.main+fp/hard\libc_nano.a(libc_a-findfp.o)
                              C:/ST/STM32CubeIDE_1.13.2/STM32CubeIDE/plugins/com.st.stm32cube.ide.mcu.externaltools.gnu-tools-for-stm32.12.3.rel1.win32_1.1.0.202410251130/tools/bin/../lib/gcc/arm-none-eabi/12.3.1/../../../../arm-none-eabi/lib/thumb/v8-m.main+fp/hard\libc_nano.a(libc_a-exit.o) (__stdio_exit_handler)
C:/ST/STM32CubeIDE_1.13.2/STM32CubeIDE/plugins/com.st.stm32cube.ide.mcu.externaltools.gnu-tools-for-stm32.12.3.rel1.win32_1.1.0.202410251130/tools/bin/../lib/gcc/arm-none-eabi/12.3.1/../../../../arm-none-eabi/lib/thumb/v8-m.main+fp/hard\libc_nano.a(libc_a-fwalk.o)
                              C:/ST/STM32CubeIDE_1.13.2/STM32CubeIDE/plugins/com.st.stm32cube.ide.mcu.externaltools.gnu-tools-for-stm32.12.3.rel1.win32_1.1.0.202410251130/tools/bin/../lib/gcc/arm-none-eabi/12.3.1/../../../../arm-none-eabi/lib/thumb/v8-m.main+fp/hard\libc_nano.a(libc_a-findfp.o) (_fwalk_sglue)
C:/ST/STM32CubeIDE_1.13.2/STM32CubeIDE/plugins/com.st.stm32cube.ide.mcu.externaltools.gnu-tools-for-stm32.12.3.rel1.win32_1.1.0.202410251130/tools/bin/../lib/gcc/arm-none-eabi/12.3.1/../../../../arm-none-eabi/lib/thumb/v8-m.main+fp/hard\libc_nano.a(libc_a-stdio.o)
                              C:/ST/STM32CubeIDE_1.13.2/STM32CubeIDE/plugins/com.st.stm32cube.ide.mcu.externaltools.gnu-tools-for-stm32.12.3.rel1.win32_1.1.0.202410251130/tools/bin/../lib/gcc/arm-none-eabi/12.3.1/../../../../arm-none-eabi/lib/thumb/v8-m.main+fp/hard\libc_nano.a(libc_a-findfp.o) (__sread)
C:/ST/STM32CubeIDE_1.13.2/STM32CubeIDE/plugins/com.st.stm32cube.ide.mcu.externaltools.gnu-tools-for-stm32.12.3.rel1.win32_1.1.0.202410251130/tools/bin/../lib/gcc/arm-none-eabi/12.3.1/../../../../arm-none-eabi/lib/thumb/v8-m.main+fp/hard\libc_nano.a(libc_a-memset.o)
                              C:/ST/STM32CubeIDE_1.13.2/STM32CubeIDE/plugins/com.st.stm32cube.ide.mcu.externaltools.gnu-tools-for-stm32.12.3.rel1.win32_1.1.0.202410251130/tools/bin/../lib/gcc/arm-none-eabi/12.3.1/../../../../arm-none-eabi/lib/thumb/v8-m.main+fp/hard/crt0.o (memset)
C:/ST/STM32CubeIDE_1.13.2/STM32CubeIDE/plugins/com.st.stm32cube.ide.mcu.externaltools.gnu-tools-for-stm32.12.3.rel1.win32_1.1.0.202410251130/tools/bin/../lib/gcc/arm-none-eabi/12.3.1/../../../../arm-none-eabi/lib/thumb/v8-m.main+fp/hard\libc_nano.a(libc_a-closer.o)
                              C:/ST/STM32CubeIDE_1.13.2/STM32CubeIDE/plugins/com.st.stm32cube.ide.mcu.externaltools.gnu-tools-for-stm32.12.3.rel1.win32_1.1.0.202410251130/tools/bin/../lib/gcc/arm-none-eabi/12.3.1/../../../../arm-none-eabi/lib/thumb/v8-m.main+fp/hard\libc_nano.a(libc_a-stdio.o) (_close_r)
C:/ST/STM32CubeIDE_1.13.2/STM32CubeIDE/plugins/com.st.stm32cube.ide.mcu.externaltools.gnu-tools-for-stm32.12.3.rel1.win32_1.1.0.202410251130/tools/bin/../lib/gcc/arm-none-eabi/12.3.1/../../../../arm-none-eabi/lib/thumb/v8-m.main+fp/hard\libc_nano.a(libc_a-reent.o)
                              C:/ST/STM32CubeIDE_1.13.2/STM32CubeIDE/plugins/com.st.stm32cube.ide.mcu.externaltools.gnu-tools-for-stm32.12.3.rel1.win32_1.1.0.202410251130/tools/bin/../lib/gcc/arm-none-eabi/12.3.1/../../../../arm-none-eabi/lib/thumb/v8-m.main+fp/hard\libc_nano.a(libc_a-closer.o) (errno)
C:/ST/STM32CubeIDE_1.13.2/STM32CubeIDE/plugins/com.st.stm32cube.ide.mcu.externaltools.gnu-tools-for-stm32.12.3.rel1.win32_1.1.0.202410251130/tools/bin/../lib/gcc/arm-none-eabi/12.3.1/../../../../arm-none-eabi/lib/thumb/v8-m.main+fp/hard\libc_nano.a(libc_a-impure.o)
                              C:/ST/STM32CubeIDE_1.13.2/STM32CubeIDE/plugins/com.st.stm32cube.ide.mcu.externaltools.gnu-tools-for-stm32.12.3.rel1.win32_1.1.0.202410251130/tools/bin/../lib/gcc/arm-none-eabi/12.3.1/../../../../arm-none-eabi/lib/thumb/v8-m.main+fp/hard\libc_nano.a(libc_a-rand.o) (_impure_ptr)
[...]
Memory Configuration

Name             Origin             Length             Attributes
RAM              0x20000000         0x00040000         xrw
SRAM4            0x28000000         0x00004000         xrw
FLASH            0x08000000         0x00080000         xr
*default*        0x00000000         0xffffffff

Linker script and memory map

LOAD C:/ST/STM32CubeIDE_1.13.2/STM32CubeIDE/plugins/com.st.stm32cube.ide.mcu.externaltools.gnu-tools-for-stm32.12.3.rel1.win32_1.1.0.202410251130/tools/bin/../lib/gcc/arm-none-eabi/12.3.1/thumb/v8-m.main+fp/hard/crti.o
LOAD C:/ST/STM32CubeIDE_1.13.2/STM32CubeIDE/plugins/com.st.stm32cube.ide.mcu.externaltools.gnu-tools-for-stm32.12.3.rel1.win32_1.1.0.202410251130/tools/bin/../lib/gcc/arm-none-eabi/12.3.1/thumb/v8-m.main+fp/hard/crtbegin.o
LOAD C:/ST/STM32CubeIDE_1.13.2/STM32CubeIDE/plugins/com.st.stm32cube.ide.mcu.externaltools.gnu-tools-for-stm32.12.3.rel1.win32_1.1.0.202410251130/tools/bin/../lib/gcc/arm-none-eabi/12.3.1/../../../../arm-none-eabi/lib/thumb/v8-m.main+fp/hard/crt0.o
LOAD ./Core/Src/main.o
LOAD ./Core/Src/stm32u5xx_hal_msp.o
LOAD ./Core/Src/stm32u5xx_it.o
LOAD ./Core/Src/stm32u5xx_nucleo_bus.o
LOAD ./Core/Src/syscalls.o
LOAD ./Core/Src/sysmem.o
LOAD ./Core/Src/system_stm32u5xx.o
LOAD ./Core/Startup/startup_stm32u545retxq.o
LOAD ./Drivers/BSP/STM32U5xx_Nucleo/stm32u5xx_nucleo.o
LOAD ./Drivers/STM32U5xx_HAL_Driver/Src/stm32u5xx_hal.o
LOAD ./Drivers/STM32U5xx_HAL_Driver/Src/stm32u5xx_hal_cortex.o
LOAD ./Drivers/STM32U5xx_HAL_Driver/Src/stm32u5xx_hal_dma.o
LOAD ./Drivers/STM32U5xx_HAL_Driver/Src/stm32u5xx_hal_dma_ex.o
LOAD ./Drivers/STM32U5xx_HAL_Driver/Src/stm32u5xx_hal_exti.o
LOAD ./Drivers/STM32U5xx_HAL_Driver/Src/stm32u5xx_hal_flash.o
LOAD ./Drivers/STM32U5xx_HAL_Driver/Src/stm32u5xx_hal_flash_ex.o
LOAD ./Drivers/STM32U5xx_HAL_Driver/Src/stm32u5xx_hal_gpio.o
LOAD ./Drivers/STM32U5xx_HAL_Driver/Src/stm32u5xx_hal_gtzc.o
LOAD ./Drivers/STM32U5xx_HAL_Driver/Src/stm32u5xx_hal_i2c.o
LOAD ./Drivers/STM32U5xx_HAL_Driver/Src/stm32u5xx_hal_i2c_ex.o
LOAD ./Drivers/STM32U5xx_HAL_Driver/Src/stm32u5xx_hal_icache.o
LOAD ./Drivers/STM32U5xx_HAL_Driver/Src/stm32u5xx_hal_pwr.o
LOAD ./Drivers/STM32U5xx_HAL_Driver/Src/stm32u5xx_hal_pwr_ex.o
LOAD ./Drivers/STM32U5xx_HAL_Driver/Src/stm32u5xx_hal_rcc.o
LOAD ./Drivers/STM32U5xx_HAL_Driver/Src/stm32u5xx_hal_rcc_ex.o
LOAD ./Drivers/STM32U5xx_HAL_Driver/Src/stm32u5xx_hal_uart.o
LOAD ./Drivers/STM32U5xx_HAL_Driver/Src/stm32u5xx_hal_uart_ex.o
LOAD ./Drivers/STM32U5xx_HAL_Driver/Src/stm32u5xx_hal_usart.o
LOAD ./Drivers/STM32U5xx_HAL_Driver/Src/stm32u5xx_hal_usart_ex.o
LOAD ./Middlewares/ST/STM32WB05N/hci/controller/stm32wb05n_gap_aci.o
LOAD ./Middlewares/ST/STM32WB05N/hci/controller/stm32wb05n_gatt_aci.o
LOAD ./Middlewares/ST/STM32WB05N/hci/controller/stm32wb05n_hal_aci.o
LOAD ./Middlewares/ST/STM32WB05N/hci/controller/stm32wb05n_l2cap_aci.o
LOAD ./Middlewares/ST/STM32WB05N/hci/hci_parser.o
LOAD ./Middlewares/ST/STM32WB05N/hci/stm32wb05n_devConfig.o
LOAD ./Middlewares/ST/STM32WB05N/hci/stm32wb05n_events.o
LOAD ./Middlewares/ST/STM32WB05N/hci/stm32wb05n_events_cb.o
LOAD ./Middlewares/ST/STM32WB05N/hci/stm32wb05n_hci_le.o
LOAD ./Middlewares/ST/STM32WB05N/hci/hci_tl_patterns/Basic/hci_tl.o
LOAD ./Middlewares/ST/STM32WB05N/utils/ble_list.o
LOAD ./STM32WB05N/App/app_stm32wb05n.o
LOAD ./STM32WB05N/App/gatt_db.o
LOAD ./STM32WB05N/App/sensor.o
LOAD ./STM32WB05N/Target/hci_tl_interface.o
START GROUP
LOAD C:/ST/STM32CubeIDE_1.13.2/STM32CubeIDE/plugins/com.st.stm32cube.ide.mcu.externaltools.gnu-tools-for-stm32.12.3.rel1.win32_1.1.0.202410251130/tools/bin/../lib/gcc/arm-none-eabi/12.3.1/../../../../arm-none-eabi/lib/thumb/v8-m.main+fp/hard\libc_nano.a
LOAD C:/ST/STM32CubeIDE_1.13.2/STM32CubeIDE/plugins/com.st.stm32cube.ide.mcu.externaltools.gnu-tools-for-stm32.12.3.rel1.win32_1.1.0.202410251130/tools/bin/../lib/gcc/arm-none-eabi/12.3.1/../../../../arm-none-eabi/lib/thumb/v8-m.main+fp/hard\libm.a
END GROUP
START GROUP
LOAD C:/ST/STM32CubeIDE_1.13.2/STM32CubeIDE/plugins/com.st.stm32cube.ide.mcu.externaltools.gnu-tools-for-stm32.12.3.rel1.win32_1.1.0.202410251130/tools/bin/../lib/gcc/arm-none-eabi/12.3.1/thumb/v8-m.main+fp/hard\libgcc.a
LOAD C:/ST/STM32CubeIDE_1.13.2/STM32CubeIDE/plugins/com.st.stm32cube.ide.mcu.externaltools.gnu-tools-for-stm32.12.3.rel1.win32_1.1.0.202410251130/tools/bin/../lib/gcc/arm-none-eabi/12.3.1/../../../../arm-none-eabi/lib/thumb/v8-m.main+fp/hard\libc_nano.a
END GROUP
START GROUP
LOAD C:/ST/STM32CubeIDE_1.13.2/STM32CubeIDE/plugins/com.st.stm32cube.ide.mcu.externaltools.gnu-tools-for-stm32.12.3.rel1.win32_1.1.0.202410251130/tools/bin/../lib/gcc/arm-none-eabi/12.3.1/thumb/v8-m.main+fp/hard\libgcc.a
LOAD C:/ST/STM32CubeIDE_1.13.2/STM32CubeIDE/plugins/com.st.stm32cube.ide.mcu.externaltools.gnu-tools-for-stm32.12.3.rel1.win32_1.1.0.202410251130/tools/bin/../lib/gcc/arm-none-eabi/12.3.1/../../../../arm-none-eabi/lib/thumb/v8-m.main+fp/hard\libc_nano.a
LOAD C:/ST/STM32CubeIDE_1.13.2/STM32CubeIDE/plugins/com.st.stm32cube.ide.mcu.externaltools.gnu-tools-for-stm32.12.3.rel1.win32_1.1.0.202410251130/tools/bin/../lib/gcc/arm-none-eabi/12.3.1/../../../../arm-none-eabi/lib/thumb/v8-m.main+fp/hard\libnosys.a
END GROUP
START GROUP
LOAD C:/ST/STM32CubeIDE_1.13.2/STM32CubeIDE/plugins/com.st.stm32cube.ide.mcu.externaltools.gnu-tools-for-stm32.12.3.rel1.win32_1.1.0.202410251130/tools/bin/../lib/gcc/arm-none-eabi/12.3.1/thumb/v8-m.main+fp/hard\libgcc.a
LOAD C:/ST/STM32CubeIDE_1.13.2/STM32CubeIDE/plugins/com.st.stm32cube.ide.mcu.externaltools.gnu-tools-for-stm32.12.3.rel1.win32_1.1.0.202410251130/tools/bin/../lib/gcc/arm-none-eabi/12.3.1/../../../../arm-none-eabi/lib/thumb/v8-m.main+fp/hard\libc_nano.a
LOAD C:/ST/STM32CubeIDE_1.13.2/STM32CubeIDE/plugins/com.st.stm32cube.ide.mcu.externaltools.gnu-tools-for-stm32.12.3.rel1.win32_1.1.0.202410251130/tools/bin/../lib/gcc/arm-none-eabi/12.3.1/../../../../arm-none-eabi/lib/thumb/v8-m.main+fp/hard\libnosys.a
END GROUP
LOAD C:/ST/STM32CubeIDE_1.13.2/STM32CubeIDE/plugins/com.st.stm32cube.ide.mcu.externaltools.gnu-tools-for-stm32.12.3.rel1.win32_1.1.0.202410251130/tools/bin/../lib/gcc/arm-none-eabi/12.3.1/thumb/v8-m.main+fp/hard/crtend.o
LOAD C:/ST/STM32CubeIDE_1.13.2/STM32CubeIDE/plugins/com.st.stm32cube.ide.mcu.externaltools.gnu-tools-for-stm32.12.3.rel1.win32_1.1.0.202410251130/tools/bin/../lib/gcc/arm-none-eabi/12.3.1/thumb/v8-m.main+fp/hard/crtn.o
                0x20040000                        _estack = (ORIGIN (RAM) + LENGTH (RAM))
                0x00000200                        _Min_Heap_Size = 0x200
                0x00000400                        _Min_Stack_Size = 0x400

.isr_vector     0x08000000      0x238
 *(.isr_vector)
 .isr_vector    0x08000000      0x238 ./Core/Startup/startup_stm32u545retxq.o
                0x08000000                g_pfnVectors

.text           0x08000238     0xf6f4
 *(.text)
 .text          0x08000238       0x40 C:/ST/STM32CubeIDE_1.13.2/STM32CubeIDE/plugins/com.st.stm32cube.ide.mcu.externaltools.gnu-tools-for-stm32.12.3.rel1.win32_1.1.0.202410251130/tools/bin/../lib/gcc/arm-none-eabi/12.3.1/thumb/v8-m.main+fp/hard/crtbegin.o
 .text          0x08000278      0x378 C:/ST/STM32CubeIDE_1.13.2/STM32CubeIDE/plugins/com.st.stm32cube.ide.mcu.externaltools.gnu-tools-for-stm32.12.3.rel1.win32_1.1.0.202410251130/tools/bin/../lib/gcc/arm-none-eabi/12.3.1/thumb/v8-m.main+fp/hard\libgcc.a(_arm_addsubdf3.o)
                0x08000278                __aeabi_drsub
                0x08000280                __aeabi_dsub
                0x08000280                __subdf3
                0x08000284                __aeabi_dadd
                0x08000284                __adddf3
                0x080004fc                __floatunsidf
                0x080004fc                __aeabi_ui2d
                0x0800051c                __floatsidf
                0x0800051c                __aeabi_i2d
                0x08000540                __aeabi_f2d
                0x08000540                __extendsfdf2
                0x08000584                __floatundidf
                0x08000584                __aeabi_ul2d
                0x08000594                __floatdidf
                0x08000594                __aeabi_l2d
 .text          0x080005f0       0xa0 C:/ST/STM32CubeIDE_1.13.2/STM32CubeIDE/plugins/com.st.stm32cube.ide.mcu.externaltools.gnu-tools-for-stm32.12.3.rel1.win32_1.1.0.202410251130/tools/bin/../lib/gcc/arm-none-eabi/12.3.1/thumb/v8-m.main+fp/hard\libgcc.a(_arm_truncdfsf2.o)
                0x080005f0                __truncdfsf2
                0x080005f0                __aeabi_d2f
 .text          0x08000690       0x30 C:/ST/STM32CubeIDE_1.13.2/STM32CubeIDE/plugins/com.st.stm32cube.ide.mcu.externaltools.gnu-tools-for-stm32.12.3.rel1.win32_1.1.0.202410251130/tools/bin/../lib/gcc/arm-none-eabi/12.3.1/thumb/v8-m.main+fp/hard\libgcc.a(_aeabi_uldivmod.o)
                0x08000690                __aeabi_uldivmod
 .text          0x080006c0      0x2e4 C:/ST/STM32CubeIDE_1.13.2/STM32CubeIDE/plugins/com.st.stm32cube.ide.mcu.externaltools.gnu-tools-for-stm32.12.3.rel1.win32_1.1.0.202410251130/tools/bin/../lib/gcc/arm-none-eabi/12.3.1/thumb/v8-m.main+fp/hard\libgcc.a(_udivmoddi4.o)
                0x080006c0                __udivmoddi4
 .text          0x080009a4        0x4 C:/ST/STM32CubeIDE_1.13.2/STM32CubeIDE/plugins/com.st.stm32cube.ide.mcu.externaltools.gnu-tools-for-stm32.12.3.rel1.win32_1.1.0.202410251130/tools/bin/../lib/gcc/arm-none-eabi/12.3.1/thumb/v8-m.main+fp/hard\libgcc.a(_dvmd_tls.o)
                0x080009a4                __aeabi_idiv0
                0x080009a4                __aeabi_ldiv0
 *(.text*)
 .text.main     0x080009a8       0x22 ./Core/Src/main.o
                0x080009a8                main
 .text.SystemClock_Config
                0x080009ca       0x92 ./Core/Src/main.o
                0x080009ca                SystemClock_Config
 .text.SystemPower_Config
                0x08000a5c       0x18 ./Core/Src/main.o
 .text.MX_ICACHE_Init
                0x08000a74       0x26 ./Core/Src/main.o
 *fill*         0x08000a9a        0x2 
 .text.MX_GPIO_Init
                0x08000a9c       0x8c ./Core/Src/main.o
 .text.Error_Handler
                0x08000b28        0xc ./Core/Src/main.o
                0x08000b28                Error_Handler
 .text.HAL_MspInit
                0x08000b34       0x34 ./Core/Src/stm32u5xx_hal_msp.o
                0x08000b34                HAL_MspInit
 .text.NMI_Handler
                0x08000b68        0x8 ./Core/Src/stm32u5xx_it.o
                0x08000b68                NMI_Handler
 .text.HardFault_Handler
                0x08000b70        0x8 ./Core/Src/stm32u5xx_it.o
                0x08000b70                HardFault_Handler
 .text.MemManage_Handler
                0x08000b78        0x8 ./Core/Src/stm32u5xx_it.o
                0x08000b78                MemManage_Handler
 .text.BusFault_Handler
                0x08000b80        0x8 ./Core/Src/stm32u5xx_it.o
                0x08000b80                BusFault_Handler
 .text.UsageFault_Handler
                0x08000b88        0x8 ./Core/Src/stm32u5xx_it.o
                0x08000b88                UsageFault_Handler
 .text.SVC_Handler
                0x08000b90        0xe ./Core/Src/stm32u5xx_it.o
                0x08000b90                SVC_Handler
 .text.DebugMon_Handler
                0x08000b9e        0xe ./Core/Src/stm32u5xx_it.o
                0x08000b9e                DebugMon_Handler
 .text.PendSV_Handler
                0x08000bac        0xe ./Core/Src/stm32u5xx_it.o
                0x08000bac                PendSV_Handler
 .text.SysTick_Handler
                0x08000bba        0xc ./Core/Src/stm32u5xx_it.o
                0x08000bba                SysTick_Handler
 *fill*         0x08000bc6        0x2 
 .text.BSP_LPUART1_Init
                0x08000bc8       0x60 ./Core/Src/stm32u5xx_nucleo_bus.o
                0x08000bc8                BSP_LPUART1_Init
 .text.BSP_LPUART1_Send
                0x08000c28       0x38 ./Core/Src/stm32u5xx_nucleo_bus.o
                0x08000c28                BSP_LPUART1_Send
 .text.BSP_LPUART1_Recv
                0x08000c60       0x38 ./Core/Src/stm32u5xx_nucleo_bus.o
                0x08000c60                BSP_LPUART1_Recv
 .text.BSP_GetTick
                0x08000c98        0xe ./Core/Src/stm32u5xx_nucleo_bus.o
                0x08000c98                BSP_GetTick
 *fill*         0x08000ca6        0x2 
 .text.MX_LPUART1_UART_Init
                0x08000ca8       0xa0 ./Core/Src/stm32u5xx_nucleo_bus.o
                0x08000ca8                MX_LPUART1_UART_Init
 .text.LPUART1_MspInit
                0x08000d48       0xd0 ./Core/Src/stm32u5xx_nucleo_bus.o
 .text._getpid  0x08000e18       0x10 ./Core/Src/syscalls.o
                0x08000e18                _getpid
 .text._kill    0x08000e28       0x20 ./Core/Src/syscalls.o
                0x08000e28                _kill
 .text._exit    0x08000e48       0x16 ./Core/Src/syscalls.o
                0x08000e48                _exit
 .text._read    0x08000e5e       0x3a ./Core/Src/syscalls.o
                0x08000e5e                _read
 .text._write   0x08000e98       0x38 ./Core/Src/syscalls.o
                0x08000e98                _write
 .text._close   0x08000ed0       0x18 ./Core/Src/syscalls.o
                0x08000ed0                _close
 .text._fstat   0x08000ee8       0x20 ./Core/Src/syscalls.o
                0x08000ee8                _fstat
 .text._isatty  0x08000f08       0x16 ./Core/Src/syscalls.o
                0x08000f08                _isatty
 .text._lseek   0x08000f1e       0x1a ./Core/Src/syscalls.o
                0x08000f1e                _lseek
 .text._sbrk    0x08000f38       0x6c ./Core/Src/sysmem.o
                0x08000f38                _sbrk
 .text.SystemInit
                0x08000fa4       0x70 ./Core/Src/system_stm32u5xx.o
                0x08000fa4                SystemInit
 .text.Reset_Handler
                0x08001014       0x50 ./Core/Startup/startup_stm32u545retxq.o
                0x08001014                Reset_Handler
 .text.Default_Handler
                0x08001064        0x2 ./Core/Startup/startup_stm32u545retxq.o
                0x08001064                EXTI2_IRQHandler
                0x08001064                TIM8_TRG_COM_IRQHandler
                0x08001064                TIM8_CC_IRQHandler
                0x08001064                EXTI5_IRQHandler
                0x08001064                FLASH_S_IRQHandler
                0x08001064                EXTI13_IRQHandler
                0x08001064                TIM1_CC_IRQHandler
                0x08001064                TSC_IRQHandler
                0x08001064                TAMP_IRQHandler
                0x08001064                TIM6_IRQHandler
                0x08001064                EXTI12_IRQHandler
                0x08001064                CORDIC_IRQHandler
                0x08001064                EXTI3_IRQHandler
                0x08001064                LPTIM4_IRQHandler
                0x08001064                GPDMA1_Channel5_IRQHandler
                0x08001064                EXTI8_IRQHandler
                0x08001064                LPTIM2_IRQHandler
                0x08001064                I2C3_ER_IRQHandler
                0x08001064                PWR_S3WU_IRQHandler
                0x08001064                LPDMA1_Channel3_IRQHandler
                0x08001064                LPTIM3_IRQHandler
                0x08001064                EXTI0_IRQHandler
                0x08001064                I2C2_EV_IRQHandler
                0x08001064                FPU_IRQHandler
                0x08001064                GPDMA1_Channel3_IRQHandler
                0x08001064                GPDMA1_Channel7_IRQHandler
                0x08001064                FDCAN1_IT1_IRQHandler
                0x08001064                RAMCFG_IRQHandler
                0x08001064                GPDMA1_Channel9_IRQHandler
                0x08001064                DCACHE1_IRQHandler
                0x08001064                SPI1_IRQHandler
                0x08001064                OCTOSPI1_IRQHandler
                0x08001064                GPDMA1_Channel2_IRQHandler
                0x08001064                TIM8_UP_IRQHandler
                0x08001064                RCC_S_IRQHandler
                0x08001064                MDF1_FLT1_IRQHandler
                0x08001064                ADC1_IRQHandler
                0x08001064                PKA_IRQHandler
                0x08001064                EXTI15_IRQHandler
                0x08001064                TIM17_IRQHandler
                0x08001064                USART3_IRQHandler
                0x08001064                RTC_IRQHandler
                0x08001064                EXTI9_IRQHandler
                0x08001064                UART5_IRQHandler
                0x08001064                TIM4_IRQHandler
                0x08001064                I2C1_EV_IRQHandler
                0x08001064                GPDMA1_Channel12_IRQHandler
                0x08001064                GPDMA1_Channel1_IRQHandler
                0x08001064                TIM16_IRQHandler
                0x08001064                GPDMA1_Channel15_IRQHandler
                0x08001064                UART4_IRQHandler
                0x08001064                SecureFault_Handler
                0x08001064                TIM3_IRQHandler
                0x08001064                RCC_IRQHandler
                0x08001064                TIM1_TRG_COM_IRQHandler
                0x08001064                Default_Handler
                0x08001064                GPDMA1_Channel8_IRQHandler
                0x08001064                FMAC_IRQHandler
                0x08001064                OTFDEC1_IRQHandler
                0x08001064                GPDMA1_Channel11_IRQHandler
                0x08001064                TIM7_IRQHandler
                0x08001064                SDMMC1_IRQHandler
                0x08001064                SAES_IRQHandler
                0x08001064                TIM5_IRQHandler
                0x08001064                GPDMA1_Channel0_IRQHandler
                0x08001064                TIM15_IRQHandler
                0x08001064                I2C3_EV_IRQHandler
                0x08001064                USB_IRQHandler
                0x08001064                LPDMA1_Channel0_IRQHandler
                0x08001064                PVD_PVM_IRQHandler
                0x08001064                SPI2_IRQHandler
                0x08001064                LPDMA1_Channel1_IRQHandler
                0x08001064                EXTI14_IRQHandler
                0x08001064                EXTI11_IRQHandler
                0x08001064                CRS_IRQHandler
                0x08001064                GPDMA1_Channel14_IRQHandler
                0x08001064                LSECSSD_IRQHandler
                0x08001064                EXTI4_IRQHandler
                0x08001064                RTC_S_IRQHandler
                0x08001064                GPDMA1_Channel13_IRQHandler
                0x08001064                RNG_IRQHandler
                0x08001064                COMP_IRQHandler
                0x08001064                TIM1_UP_IRQHandler
                0x08001064                ADC4_IRQHandler
                0x08001064                WWDG_IRQHandler
                0x08001064                I2C4_EV_IRQHandler
                0x08001064                ADF1_IRQHandler
                0x08001064                IWDG_IRQHandler
                0x08001064                LPUART1_IRQHandler
                0x08001064                MDF1_FLT0_IRQHandler
                0x08001064                FDCAN1_IT0_IRQHandler
                0x08001064                TIM2_IRQHandler
                0x08001064                GPDMA1_Channel4_IRQHandler
                0x08001064                EXTI7_IRQHandler
                0x08001064                TIM1_BRK_IRQHandler
                0x08001064                EXTI1_IRQHandler
                0x08001064                AES_IRQHandler
                0x08001064                DAC1_IRQHandler
                0x08001064                GTZC_IRQHandler
                0x08001064                GPDMA1_Channel6_IRQHandler
                0x08001064                I2C2_ER_IRQHandler
                0x08001064                TIM8_BRK_IRQHandler
                0x08001064                FLASH_IRQHandler
                0x08001064                USART1_IRQHandler
                0x08001064                EXTI10_IRQHandler
                0x08001064                SPI3_IRQHandler
                0x08001064                LPDMA1_Channel2_IRQHandler
                0x08001064                I2C1_ER_IRQHandler
                0x08001064                EXTI6_IRQHandler
                0x08001064                LPTIM1_IRQHandler
                0x08001064                DCMI_PSSI_IRQHandler
                0x08001064                I2C4_ER_IRQHandler
                0x08001064                GPDMA1_Channel10_IRQHandler
                0x08001064                ICACHE_IRQHandler
                0x08001064                SAI1_IRQHandler
                0x08001064                HASH_IRQHandler
 *fill*         0x08001066        0x2 
 .text.BSP_LED_Init
                0x08001068       0x78 ./Drivers/BSP/STM32U5xx_Nucleo/stm32u5xx_nucleo.o
                0x08001068                BSP_LED_Init
 .text.BSP_LED_On
                0x080010e0       0x3c ./Drivers/BSP/STM32U5xx_Nucleo/stm32u5xx_nucleo.o
                0x080010e0                BSP_LED_On
 .text.BSP_LED_Off
                0x0800111c       0x3c ./Drivers/BSP/STM32U5xx_Nucleo/stm32u5xx_nucleo.o
                0x0800111c                BSP_LED_Off
 .text.BSP_LED_Toggle
                0x08001158       0x3c ./Drivers/BSP/STM32U5xx_Nucleo/stm32u5xx_nucleo.o
                0x08001158                BSP_LED_Toggle
 .text.BSP_PB_Init
                0x08001194       0xf0 ./Drivers/BSP/STM32U5xx_Nucleo/stm32u5xx_nucleo.o
                0x08001194                BSP_PB_Init
 .text.BSP_PB_GetState
                0x08001284       0x2c ./Drivers/BSP/STM32U5xx_Nucleo/stm32u5xx_nucleo.o
                0x08001284                BSP_PB_GetState
 .text.BSP_COM_Init
                0x080012b0       0x60 ./Drivers/BSP/STM32U5xx_Nucleo/stm32u5xx_nucleo.o
                0x080012b0                BSP_COM_Init
 .text.MX_USART1_Init
                0x08001310       0x68 ./Drivers/BSP/STM32U5xx_Nucleo/stm32u5xx_nucleo.o
                0x08001310                MX_USART1_Init
 .text.__io_putchar
                0x08001378       0x38 ./Drivers/BSP/STM32U5xx_Nucleo/stm32u5xx_nucleo.o
                0x08001378                __io_putchar
 .text.BUTTON_USER_EXTI_Callback
                0x080013b0        0xe ./Drivers/BSP/STM32U5xx_Nucleo/stm32u5xx_nucleo.o
 *fill*         0x080013be        0x2 
 .text.COM1_MspInit
                0x080013c0       0xb0 ./Drivers/BSP/STM32U5xx_Nucleo/stm32u5xx_nucleo.o
 .text.HAL_Init
                0x08001470       0x60 ./Drivers/STM32U5xx_HAL_Driver/Src/stm32u5xx_hal.o
                0x08001470                HAL_Init
 .text.HAL_InitTick
                0x080014d0       0xec ./Drivers/STM32U5xx_HAL_Driver/Src/stm32u5xx_hal.o
                0x080014d0                HAL_InitTick
 .text.HAL_IncTick
                0x080015bc       0x28 ./Drivers/STM32U5xx_HAL_Driver/Src/stm32u5xx_hal.o
                0x080015bc                HAL_IncTick
 .text.HAL_GetTick
                0x080015e4       0x18 ./Drivers/STM32U5xx_HAL_Driver/Src/stm32u5xx_hal.o
                0x080015e4                HAL_GetTick
 .text.HAL_Delay
                0x080015fc       0x48 ./Drivers/STM32U5xx_HAL_Driver/Src/stm32u5xx_hal.o
                0x080015fc                HAL_Delay
 .text.__NVIC_SetPriorityGrouping
                0x08001644       0x48 ./Drivers/STM32U5xx_HAL_Driver/Src/stm32u5xx_hal_cortex.o
 .text.__NVIC_GetPriorityGrouping
                0x0800168c       0x1c ./Drivers/STM32U5xx_HAL_Driver/Src/stm32u5xx_hal_cortex.o
 .text.__NVIC_EnableIRQ
                0x080016a8       0x3c ./Drivers/STM32U5xx_HAL_Driver/Src/stm32u5xx_hal_cortex.o
 .text.__NVIC_SetPriority
                0x080016e4       0x54 ./Drivers/STM32U5xx_HAL_Driver/Src/stm32u5xx_hal_cortex.o
 .text.NVIC_EncodePriority
                0x08001738       0x66 ./Drivers/STM32U5xx_HAL_Driver/Src/stm32u5xx_hal_cortex.o
 .text.HAL_NVIC_SetPriorityGrouping
                0x0800179e       0x16 ./Drivers/STM32U5xx_HAL_Driver/Src/stm32u5xx_hal_cortex.o
                0x0800179e                HAL_NVIC_SetPriorityGrouping
 .text.HAL_NVIC_SetPriority
                0x080017b4       0x34 ./Drivers/STM32U5xx_HAL_Driver/Src/stm32u5xx_hal_cortex.o
                0x080017b4                HAL_NVIC_SetPriority
 .text.HAL_NVIC_EnableIRQ
                0x080017e8       0x1c ./Drivers/STM32U5xx_HAL_Driver/Src/stm32u5xx_hal_cortex.o
                0x080017e8                HAL_NVIC_EnableIRQ
 .text.HAL_SYSTICK_Config
                0x08001804       0x44 ./Drivers/STM32U5xx_HAL_Driver/Src/stm32u5xx_hal_cortex.o
                0x08001804                HAL_SYSTICK_Config
 .text.HAL_SYSTICK_CLKSourceConfig
                0x08001848       0xb0 ./Drivers/STM32U5xx_HAL_Driver/Src/stm32u5xx_hal_cortex.o
                0x08001848                HAL_SYSTICK_CLKSourceConfig
 .text.HAL_SYSTICK_GetCLKSourceConfig
                0x080018f8       0x74 ./Drivers/STM32U5xx_HAL_Driver/Src/stm32u5xx_hal_cortex.o
                0x080018f8                HAL_SYSTICK_GetCLKSourceConfig
 .text.HAL_EXTI_RegisterCallback
                0x0800196c       0x58 ./Drivers/STM32U5xx_HAL_Driver/Src/stm32u5xx_hal_exti.o
                0x0800196c                HAL_EXTI_RegisterCallback
 .text.HAL_EXTI_GetHandle
                0x080019c4       0x28 ./Drivers/STM32U5xx_HAL_Driver/Src/stm32u5xx_hal_exti.o
                0x080019c4                HAL_EXTI_GetHandle
 .text.HAL_GPIO_Init
                0x080019ec      0x3c0 ./Drivers/STM32U5xx_HAL_Driver/Src/stm32u5xx_hal_gpio.o
                0x080019ec                HAL_GPIO_Init
 .text.HAL_GPIO_DeInit
                0x08001dac      0x1bc ./Drivers/STM32U5xx_HAL_Driver/Src/stm32u5xx_hal_gpio.o
                0x08001dac                HAL_GPIO_DeInit
 .text.HAL_GPIO_ReadPin
                0x08001f68       0x30 ./Drivers/STM32U5xx_HAL_Driver/Src/stm32u5xx_hal_gpio.o
                0x08001f68                HAL_GPIO_ReadPin
 .text.HAL_GPIO_WritePin
                0x08001f98       0x30 ./Drivers/STM32U5xx_HAL_Driver/Src/stm32u5xx_hal_gpio.o
                0x08001f98                HAL_GPIO_WritePin
 .text.HAL_GPIO_TogglePin
                0x08001fc8       0x34 ./Drivers/STM32U5xx_HAL_Driver/Src/stm32u5xx_hal_gpio.o
                0x08001fc8                HAL_GPIO_TogglePin
 .text.HAL_ICACHE_ConfigAssociativityMode
                0x08001ffc       0x40 ./Drivers/STM32U5xx_HAL_Driver/Src/stm32u5xx_hal_icache.o
                0x08001ffc                HAL_ICACHE_ConfigAssociativityMode
 .text.HAL_ICACHE_Enable
                0x0800203c       0x20 ./Drivers/STM32U5xx_HAL_Driver/Src/stm32u5xx_hal_icache.o
                0x0800203c                HAL_ICACHE_Enable
 .text.HAL_PWREx_ControlVoltageScaling
                0x0800205c       0xfc ./Drivers/STM32U5xx_HAL_Driver/Src/stm32u5xx_hal_pwr_ex.o
                0x0800205c                HAL_PWREx_ControlVoltageScaling
 .text.HAL_PWREx_GetVoltageRange
                0x08002158       0x1c ./Drivers/STM32U5xx_HAL_Driver/Src/stm32u5xx_hal_pwr_ex.o
                0x08002158                HAL_PWREx_GetVoltageRange
 .text.HAL_PWREx_ConfigSupply
                0x08002174       0xa0 ./Drivers/STM32U5xx_HAL_Driver/Src/stm32u5xx_hal_pwr_ex.o
                0x08002174                HAL_PWREx_ConfigSupply
 .text.HAL_RCC_OscConfig
                0x08002214      0xdb8 ./Drivers/STM32U5xx_HAL_Driver/Src/stm32u5xx_hal_rcc.o
                0x08002214                HAL_RCC_OscConfig
 .text.HAL_RCC_ClockConfig
                0x08002fcc      0x3e4 ./Drivers/STM32U5xx_HAL_Driver/Src/stm32u5xx_hal_rcc.o
                0x08002fcc                HAL_RCC_ClockConfig
 .text.HAL_RCC_GetSysClockFreq
                0x080033b0      0x204 ./Drivers/STM32U5xx_HAL_Driver/Src/stm32u5xx_hal_rcc.o
                0x080033b0                HAL_RCC_GetSysClockFreq
 .text.HAL_RCC_GetHCLKFreq
                0x080035b4       0x34 ./Drivers/STM32U5xx_HAL_Driver/Src/stm32u5xx_hal_rcc.o
                0x080035b4                HAL_RCC_GetHCLKFreq
 .text.HAL_RCC_GetPCLK1Freq
                0x080035e8       0x28 ./Drivers/STM32U5xx_HAL_Driver/Src/stm32u5xx_hal_rcc.o
                0x080035e8                HAL_RCC_GetPCLK1Freq
 .text.HAL_RCC_GetPCLK2Freq
                0x08003610       0x28 ./Drivers/STM32U5xx_HAL_Driver/Src/stm32u5xx_hal_rcc.o
                0x08003610                HAL_RCC_GetPCLK2Freq
 .text.HAL_RCC_GetPCLK3Freq
                0x08003638       0x28 ./Drivers/STM32U5xx_HAL_Driver/Src/stm32u5xx_hal_rcc.o
                0x08003638                HAL_RCC_GetPCLK3Freq
 .text.RCC_SetFlashLatencyFromMSIRange
                0x08003660      0x10c ./Drivers/STM32U5xx_HAL_Driver/Src/stm32u5xx_hal_rcc.o
 .text.HAL_RCCEx_PeriphCLKConfig
                0x0800376c      0xa7c ./Drivers/STM32U5xx_HAL_Driver/Src/stm32u5xx_hal_rcc_ex.o
                0x0800376c                HAL_RCCEx_PeriphCLKConfig
 .text.HAL_RCCEx_GetPLL1ClockFreq
                0x080041e8      0x2b4 ./Drivers/STM32U5xx_HAL_Driver/Src/stm32u5xx_hal_rcc_ex.o
                0x080041e8                HAL_RCCEx_GetPLL1ClockFreq
 .text.HAL_RCCEx_GetPLL2ClockFreq
                0x0800449c      0x2b4 ./Drivers/STM32U5xx_HAL_Driver/Src/stm32u5xx_hal_rcc_ex.o
                0x0800449c                HAL_RCCEx_GetPLL2ClockFreq
 .text.HAL_RCCEx_GetPLL3ClockFreq
                0x08004750      0x2b4 ./Drivers/STM32U5xx_HAL_Driver/Src/stm32u5xx_hal_rcc_ex.o
                0x08004750                HAL_RCCEx_GetPLL3ClockFreq
 .text.HAL_RCCEx_GetPeriphCLKFreq
                0x08004a04     0x1284 ./Drivers/STM32U5xx_HAL_Driver/Src/stm32u5xx_hal_rcc_ex.o
                0x08004a04                HAL_RCCEx_GetPeriphCLKFreq
 .text.RCCEx_PLL2_Config
                0x08005c88      0x130 ./Drivers/STM32U5xx_HAL_Driver/Src/stm32u5xx_hal_rcc_ex.o
 .text.RCCEx_PLL3_Config
                0x08005db8      0x130 ./Drivers/STM32U5xx_HAL_Driver/Src/stm32u5xx_hal_rcc_ex.o
 .text.HAL_UART_Init
                0x08005ee8       0xa0 ./Drivers/STM32U5xx_HAL_Driver/Src/stm32u5xx_hal_uart.o
                0x08005ee8                HAL_UART_Init
 .text.HAL_UART_MspInit
                0x08005f88       0x14 ./Drivers/STM32U5xx_HAL_Driver/Src/stm32u5xx_hal_uart.o
                0x08005f88                HAL_UART_MspInit
 .text.HAL_UART_Transmit
                0x08005f9c      0x11c ./Drivers/STM32U5xx_HAL_Driver/Src/stm32u5xx_hal_uart.o
                0x08005f9c                HAL_UART_Transmit
 .text.HAL_UART_Receive
                0x080060b8      0x190 ./Drivers/STM32U5xx_HAL_Driver/Src/stm32u5xx_hal_uart.o
                0x080060b8                HAL_UART_Receive
 .text.HAL_UART_Receive_IT
                0x08006248       0xa4 ./Drivers/STM32U5xx_HAL_Driver/Src/stm32u5xx_hal_uart.o
                0x08006248                HAL_UART_Receive_IT
 .text.HAL_UART_ErrorCallback
                0x080062ec       0x14 ./Drivers/STM32U5xx_HAL_Driver/Src/stm32u5xx_hal_uart.o
                0x080062ec                HAL_UART_ErrorCallback
 .text.HAL_UARTEx_RxEventCallback
                0x08006300       0x18 ./Drivers/STM32U5xx_HAL_Driver/Src/stm32u5xx_hal_uart.o
                0x08006300                HAL_UARTEx_RxEventCallback
 .text.HAL_UART_GetState
                0x08006318       0x2a ./Drivers/STM32U5xx_HAL_Driver/Src/stm32u5xx_hal_uart.o
                0x08006318                HAL_UART_GetState
 *fill*         0x08006342        0x2 
 .text.UART_SetConfig
                0x08006344      0x330 ./Drivers/STM32U5xx_HAL_Driver/Src/stm32u5xx_hal_uart.o
                0x08006344                UART_SetConfig
 .text.UART_AdvFeatureConfig
                0x08006674      0x144 ./Drivers/STM32U5xx_HAL_Driver/Src/stm32u5xx_hal_uart.o
                0x08006674                UART_AdvFeatureConfig
 .text.UART_CheckIdleState
                0x080067b8      0x154 ./Drivers/STM32U5xx_HAL_Driver/Src/stm32u5xx_hal_uart.o
                0x080067b8                UART_CheckIdleState
 .text.UART_WaitOnFlagUntilTimeout
                0x0800690c       0xda ./Drivers/STM32U5xx_HAL_Driver/Src/stm32u5xx_hal_uart.o
                0x0800690c                UART_WaitOnFlagUntilTimeout
 *fill*         0x080069e6        0x2 
 .text.UART_Start_Receive_IT
                0x080069e8      0x244 ./Drivers/STM32U5xx_HAL_Driver/Src/stm32u5xx_hal_uart.o
                0x080069e8                UART_Start_Receive_IT
 .text.UART_EndRxTransfer
                0x08006c2c       0xcc ./Drivers/STM32U5xx_HAL_Driver/Src/stm32u5xx_hal_uart.o
 .text.UART_RxISR_8BIT
                0x08006cf8      0x1c4 ./Drivers/STM32U5xx_HAL_Driver/Src/stm32u5xx_hal_uart.o
 .text.UART_RxISR_16BIT
                0x08006ebc      0x1c4 ./Drivers/STM32U5xx_HAL_Driver/Src/stm32u5xx_hal_uart.o
 .text.UART_RxISR_8BIT_FIFOEN
                0x08007080      0x370 ./Drivers/STM32U5xx_HAL_Driver/Src/stm32u5xx_hal_uart.o
 .text.UART_RxISR_16BIT_FIFOEN
                0x080073f0      0x378 ./Drivers/STM32U5xx_HAL_Driver/Src/stm32u5xx_hal_uart.o
 .text.HAL_UARTEx_DisableFifoMode
                0x08007768       0x72 ./Drivers/STM32U5xx_HAL_Driver/Src/stm32u5xx_hal_uart_ex.o
                0x08007768                HAL_UARTEx_DisableFifoMode
 .text.HAL_UARTEx_SetTxFifoThreshold
                0x080077da       0x7c ./Drivers/STM32U5xx_HAL_Driver/Src/stm32u5xx_hal_uart_ex.o
                0x080077da                HAL_UARTEx_SetTxFifoThreshold
 .text.HAL_UARTEx_SetRxFifoThreshold
                0x08007856       0x7c ./Drivers/STM32U5xx_HAL_Driver/Src/stm32u5xx_hal_uart_ex.o
                0x08007856                HAL_UARTEx_SetRxFifoThreshold
 *fill*         0x080078d2        0x2 
 .text.UARTEx_SetNbDataToProcess
                0x080078d4       0x9c ./Drivers/STM32U5xx_HAL_Driver/Src/stm32u5xx_hal_uart_ex.o
 .text.aci_gap_init
                0x08007970       0xe8 ./Middlewares/ST/STM32WB05N/hci/controller/stm32wb05n_gap_aci.o
                0x08007970                aci_gap_init
 .text.aci_gap_set_io_capability
                0x08007a58       0xc2 ./Middlewares/ST/STM32WB05N/hci/controller/stm32wb05n_gap_aci.o
                0x08007a58                aci_gap_set_io_capability
 .text.aci_gap_set_security_requirements
                0x08007b1a      0x178 ./Middlewares/ST/STM32WB05N/hci/controller/stm32wb05n_gap_aci.o
                0x08007b1a                aci_gap_set_security_requirements
 .text.aci_gap_profile_init
                0x08007c92      0x14a ./Middlewares/ST/STM32WB05N/hci/controller/stm32wb05n_gap_aci.o
                0x08007c92                aci_gap_profile_init
 .text.aci_gap_set_security
                0x08007ddc      0x114 ./Middlewares/ST/STM32WB05N/hci/controller/stm32wb05n_gap_aci.o
                0x08007ddc                aci_gap_set_security
 .text.aci_gap_clear_security_db
                0x08007ef0       0x52 ./Middlewares/ST/STM32WB05N/hci/controller/stm32wb05n_gap_aci.o
                0x08007ef0                aci_gap_clear_security_db
 .text.aci_gap_set_advertising_configuration
                0x08007f42      0x224 ./Middlewares/ST/STM32WB05N/hci/controller/stm32wb05n_gap_aci.o
                0x08007f42                aci_gap_set_advertising_configuration
 .text.aci_gap_set_advertising_enable
                0x08008166      0x1aa ./Middlewares/ST/STM32WB05N/hci/controller/stm32wb05n_gap_aci.o
                0x08008166                aci_gap_set_advertising_enable
 .text.aci_gap_set_advertising_data_nwk
                0x08008310      0x150 ./Middlewares/ST/STM32WB05N/hci/controller/stm32wb05n_gap_aci.o
                0x08008310                aci_gap_set_advertising_data_nwk
 .text.aci_gatt_srv_profile_init
                0x08008460       0xea ./Middlewares/ST/STM32WB05N/hci/controller/stm32wb05n_gatt_aci.o
                0x08008460                aci_gatt_srv_profile_init
 .text.aci_gatt_srv_add_service_nwk
                0x0800854a      0x1b4 ./Middlewares/ST/STM32WB05N/hci/controller/stm32wb05n_gatt_aci.o
                0x0800854a                aci_gatt_srv_add_service_nwk
 .text.aci_gatt_srv_add_char_nwk
                0x080086fe      0x218 ./Middlewares/ST/STM32WB05N/hci/controller/stm32wb05n_gatt_aci.o
                0x080086fe                aci_gatt_srv_add_char_nwk
 .text.aci_gatt_srv_write_handle_value_nwk
                0x08008916      0x154 ./Middlewares/ST/STM32WB05N/hci/controller/stm32wb05n_gatt_aci.o
                0x08008916                aci_gatt_srv_write_handle_value_nwk
 .text.aci_gatt_srv_notify
                0x08008a6a      0x178 ./Middlewares/ST/STM32WB05N/hci/controller/stm32wb05n_gatt_aci.o
                0x08008a6a                aci_gatt_srv_notify
 .text.aci_hal_write_config_data
                0x08008be2      0x124 ./Middlewares/ST/STM32WB05N/hci/controller/stm32wb05n_hal_aci.o
                0x08008be2                aci_hal_write_config_data
 .text.aci_hal_read_config_data
                0x08008d06      0x110 ./Middlewares/ST/STM32WB05N/hci/controller/stm32wb05n_hal_aci.o
                0x08008d06                aci_hal_read_config_data
 .text.aci_hal_set_tx_power_level
                0x08008e16       0xe8 ./Middlewares/ST/STM32WB05N/hci/controller/stm32wb05n_hal_aci.o
                0x08008e16                aci_hal_set_tx_power_level
 *fill*         0x08008efe        0x2 
 .text.hci_input_event
                0x08008f00      0x164 ./Middlewares/ST/STM32WB05N/hci/hci_parser.o
                0x08008f00                hci_input_event
 .text.packet_received
                0x08009064       0x6c ./Middlewares/ST/STM32WB05N/hci/hci_parser.o
                0x08009064                packet_received
 .text.HCI_verify
                0x080090d0       0x76 ./Middlewares/ST/STM32WB05N/hci/hci_parser.o
                0x080090d0                HCI_verify
 .text.hci_disconnection_complete_event_process
                0x08009146       0x30 ./Middlewares/ST/STM32WB05N/hci/stm32wb05n_events.o
                0x08009146                hci_disconnection_complete_event_process
 .text.hci_encryption_change_event_process
                0x08009176       0x30 ./Middlewares/ST/STM32WB05N/hci/stm32wb05n_events.o
                0x08009176                hci_encryption_change_event_process
 .text.hci_read_remote_version_information_complete_event_process
                0x080091a6       0x3e ./Middlewares/ST/STM32WB05N/hci/stm32wb05n_events.o
                0x080091a6                hci_read_remote_version_information_complete_event_process
 .text.hci_hardware_error_event_process
                0x080091e4       0x24 ./Middlewares/ST/STM32WB05N/hci/stm32wb05n_events.o
                0x080091e4                hci_hardware_error_event_process
 .text.hci_number_of_completed_packets_event_process
                0x08009208       0xae ./Middlewares/ST/STM32WB05N/hci/stm32wb05n_events.o
                0x08009208                hci_number_of_completed_packets_event_process
 .text.hci_data_buffer_overflow_event_process
                0x080092b6       0x24 ./Middlewares/ST/STM32WB05N/hci/stm32wb05n_events.o
                0x080092b6                hci_data_buffer_overflow_event_process
 .text.hci_encryption_key_refresh_complete_event_process
                0x080092da       0x2e ./Middlewares/ST/STM32WB05N/hci/stm32wb05n_events.o
                0x080092da                hci_encryption_key_refresh_complete_event_process
 .text.hci_authenticated_payload_timeout_expired_event_process
                0x08009308       0x26 ./Middlewares/ST/STM32WB05N/hci/stm32wb05n_events.o
                0x08009308                hci_authenticated_payload_timeout_expired_event_process
 .text.aci_blue_initialized_event_process
                0x0800932e       0x24 ./Middlewares/ST/STM32WB05N/hci/stm32wb05n_events.o
                0x0800932e                aci_blue_initialized_event_process
 .text.aci_blue_crash_info_event_process
                0x08009352       0x84 ./Middlewares/ST/STM32WB05N/hci/stm32wb05n_events.o
                0x08009352                aci_blue_crash_info_event_process
 .text.aci_hal_end_of_radio_activity_event_process
                0x080093d6       0x2e ./Middlewares/ST/STM32WB05N/hci/stm32wb05n_events.o
                0x080093d6                aci_hal_end_of_radio_activity_event_process
 .text.aci_hal_fw_error_event_process
                0x08009404       0x2c ./Middlewares/ST/STM32WB05N/hci/stm32wb05n_events.o
                0x08009404                aci_hal_fw_error_event_process
 .text.aci_hal_le_test_end_event_process
                0x08009430       0x26 ./Middlewares/ST/STM32WB05N/hci/stm32wb05n_events.o
                0x08009430                aci_hal_le_test_end_event_process
 .text.aci_gap_limited_discoverable_event_process
                0x08009456       0x1a ./Middlewares/ST/STM32WB05N/hci/stm32wb05n_events.o
                0x08009456                aci_gap_limited_discoverable_event_process
 .text.aci_gap_pairing_complete_event_process
                0x08009470       0x2e ./Middlewares/ST/STM32WB05N/hci/stm32wb05n_events.o
                0x08009470                aci_gap_pairing_complete_event_process
 .text.aci_gap_passkey_req_event_process
                0x0800949e       0x2c ./Middlewares/ST/STM32WB05N/hci/stm32wb05n_events.o
                0x0800949e                aci_gap_passkey_req_event_process
 .text.aci_gap_proc_complete_event_process
                0x080094ca       0x2e ./Middlewares/ST/STM32WB05N/hci/stm32wb05n_events.o
                0x080094ca                aci_gap_proc_complete_event_process
 .text.aci_gap_addr_not_resolved_event_process
                0x080094f8       0x26 ./Middlewares/ST/STM32WB05N/hci/stm32wb05n_events.o
                0x080094f8                aci_gap_addr_not_resolved_event_process
 .text.aci_gap_numeric_comparison_value_event_process
                0x0800951e       0x2e ./Middlewares/ST/STM32WB05N/hci/stm32wb05n_events.o
                0x0800951e                aci_gap_numeric_comparison_value_event_process
 .text.aci_gap_keypress_notification_event_process
                0x0800954c       0x2c ./Middlewares/ST/STM32WB05N/hci/stm32wb05n_events.o
                0x0800954c                aci_gap_keypress_notification_event_process
 .text.aci_gap_pairing_event_process
                0x08009578       0x2c ./Middlewares/ST/STM32WB05N/hci/stm32wb05n_events.o
                0x08009578                aci_gap_pairing_event_process
 .text.aci_l2cap_connection_update_resp_event_process
                0x080095a4       0x2e ./Middlewares/ST/STM32WB05N/hci/stm32wb05n_events.o
                0x080095a4                aci_l2cap_connection_update_resp_event_process
 .text.aci_l2cap_proc_timeout_event_process
                0x080095d2       0x2e ./Middlewares/ST/STM32WB05N/hci/stm32wb05n_events.o
                0x080095d2                aci_l2cap_proc_timeout_event_process
 .text.aci_l2cap_connection_update_req_event_process
                0x08009600       0x5c ./Middlewares/ST/STM32WB05N/hci/stm32wb05n_events.o
                0x08009600                aci_l2cap_connection_update_req_event_process
 .text.aci_l2cap_cos_disconnection_complete_event_process
                0x0800965c       0x2e ./Middlewares/ST/STM32WB05N/hci/stm32wb05n_events.o
                0x0800965c                aci_l2cap_cos_disconnection_complete_event_process
 .text.aci_l2cap_cos_flow_control_credit_event_process
                0x0800968a       0x36 ./Middlewares/ST/STM32WB05N/hci/stm32wb05n_events.o
                0x0800968a                aci_l2cap_cos_flow_control_credit_event_process
 .text.aci_l2cap_cos_sdu_data_tx_event_process
                0x080096c0       0x36 ./Middlewares/ST/STM32WB05N/hci/stm32wb05n_events.o
                0x080096c0                aci_l2cap_cos_sdu_data_tx_event_process
 .text.aci_l2cap_cos_sdu_data_rx_nwk_event_process
                0x080096f6       0x3e ./Middlewares/ST/STM32WB05N/hci/stm32wb05n_events.o
                0x080096f6                aci_l2cap_cos_sdu_data_rx_nwk_event_process
 .text.aci_l2cap_cos_reconfiguration_event_process
                0x08009734       0x88 ./Middlewares/ST/STM32WB05N/hci/stm32wb05n_events.o
                0x08009734                aci_l2cap_cos_reconfiguration_event_process
 .text.aci_l2cap_command_reject_event_process
                0x080097bc       0x3c ./Middlewares/ST/STM32WB05N/hci/stm32wb05n_events.o
                0x080097bc                aci_l2cap_command_reject_event_process
 .text.aci_l2cap_cos_connection_req_event_process
                0x080097f8       0x5a ./Middlewares/ST/STM32WB05N/hci/stm32wb05n_events.o
                0x080097f8                aci_l2cap_cos_connection_req_event_process
 .text.aci_l2cap_cos_connection_resp_event_process
                0x08009852       0x90 ./Middlewares/ST/STM32WB05N/hci/stm32wb05n_events.o
                0x08009852                aci_l2cap_cos_connection_resp_event_process
 .text.aci_gatt_srv_attribute_modified_event_process
                0x080098e2       0x3e ./Middlewares/ST/STM32WB05N/hci/stm32wb05n_events.o
                0x080098e2                aci_gatt_srv_attribute_modified_event_process
 .text.aci_gatt_proc_timeout_event_process
                0x08009920       0x2e ./Middlewares/ST/STM32WB05N/hci/stm32wb05n_events.o
                0x08009920                aci_gatt_proc_timeout_event_process
 .text.aci_att_exchange_mtu_resp_event_process
                0x0800994e       0x2e ./Middlewares/ST/STM32WB05N/hci/stm32wb05n_events.o
                0x0800994e                aci_att_exchange_mtu_resp_event_process
 .text.aci_att_clt_find_info_resp_event_process
                0x0800997c       0x3e ./Middlewares/ST/STM32WB05N/hci/stm32wb05n_events.o
                0x0800997c                aci_att_clt_find_info_resp_event_process
 .text.aci_att_clt_find_by_type_value_resp_event_process
                0x080099ba       0xba ./Middlewares/ST/STM32WB05N/hci/stm32wb05n_events.o
                0x080099ba                aci_att_clt_find_by_type_value_resp_event_process
 .text.aci_att_clt_read_by_type_resp_event_process
                0x08009a74       0x3e ./Middlewares/ST/STM32WB05N/hci/stm32wb05n_events.o
                0x08009a74                aci_att_clt_read_by_type_resp_event_process
 .text.aci_att_clt_read_resp_event_process
                0x08009ab2       0x34 ./Middlewares/ST/STM32WB05N/hci/stm32wb05n_events.o
                0x08009ab2                aci_att_clt_read_resp_event_process
 .text.aci_att_clt_read_blob_resp_event_process
                0x08009ae6       0x34 ./Middlewares/ST/STM32WB05N/hci/stm32wb05n_events.o
                0x08009ae6                aci_att_clt_read_blob_resp_event_process
 .text.aci_att_clt_read_multiple_resp_event_process
                0x08009b1a       0x34 ./Middlewares/ST/STM32WB05N/hci/stm32wb05n_events.o
                0x08009b1a                aci_att_clt_read_multiple_resp_event_process
 .text.aci_att_clt_read_by_group_type_resp_event_process
                0x08009b4e       0x3e ./Middlewares/ST/STM32WB05N/hci/stm32wb05n_events.o
                0x08009b4e                aci_att_clt_read_by_group_type_resp_event_process
 .text.aci_att_clt_prepare_write_resp_event_process
                0x08009b8c       0x48 ./Middlewares/ST/STM32WB05N/hci/stm32wb05n_events.o
                0x08009b8c                aci_att_clt_prepare_write_resp_event_process
 .text.aci_att_clt_exec_write_resp_event_process
                0x08009bd4       0x2e ./Middlewares/ST/STM32WB05N/hci/stm32wb05n_events.o
                0x08009bd4                aci_att_clt_exec_write_resp_event_process
 .text.aci_gatt_clt_indication_event_process
                0x08009c02       0x3e ./Middlewares/ST/STM32WB05N/hci/stm32wb05n_events.o
                0x08009c02                aci_gatt_clt_indication_event_process
 .text.aci_gatt_clt_notification_event_process
                0x08009c40       0x3e ./Middlewares/ST/STM32WB05N/hci/stm32wb05n_events.o
                0x08009c40                aci_gatt_clt_notification_event_process
 .text.aci_gatt_clt_proc_complete_event_process
                0x08009c7e       0x30 ./Middlewares/ST/STM32WB05N/hci/stm32wb05n_events.o
                0x08009c7e                aci_gatt_clt_proc_complete_event_process
 .text.aci_gatt_clt_error_resp_event_process
                0x08009cae       0x3e ./Middlewares/ST/STM32WB05N/hci/stm32wb05n_events.o
                0x08009cae                aci_gatt_clt_error_resp_event_process
 .text.aci_gatt_clt_disc_read_char_by_uuid_resp_event_process
                0x08009cec       0x3c ./Middlewares/ST/STM32WB05N/hci/stm32wb05n_events.o
                0x08009cec                aci_gatt_clt_disc_read_char_by_uuid_resp_event_process
 .text.aci_gatt_tx_pool_available_event_process
                0x08009d28       0x2e ./Middlewares/ST/STM32WB05N/hci/stm32wb05n_events.o
                0x08009d28                aci_gatt_tx_pool_available_event_process
 .text.aci_gatt_srv_confirmation_event_process
                0x08009d56       0x2e ./Middlewares/ST/STM32WB05N/hci/stm32wb05n_events.o
                0x08009d56                aci_gatt_srv_confirmation_event_process
 .text.aci_att_srv_exec_write_req_event_process
                0x08009d84       0x30 ./Middlewares/ST/STM32WB05N/hci/stm32wb05n_events.o
                0x08009d84                aci_att_srv_exec_write_req_event_process
 .text.aci_gatt_srv_authorize_nwk_event_process
                0x08009db4       0x50 ./Middlewares/ST/STM32WB05N/hci/stm32wb05n_events.o
                0x08009db4                aci_gatt_srv_authorize_nwk_event_process
 .text.aci_att_clt_read_multiple_var_len_resp_event_process
                0x08009e04       0x34 ./Middlewares/ST/STM32WB05N/hci/stm32wb05n_events.o
                0x08009e04                aci_att_clt_read_multiple_var_len_resp_event_process
 .text.hci_le_connection_complete_event_process
                0x08009e38       0x68 ./Middlewares/ST/STM32WB05N/hci/stm32wb05n_events.o
                0x08009e38                hci_le_connection_complete_event_process
 .text.hci_le_advertising_report_event_process
                0x08009ea0      0x1ba ./Middlewares/ST/STM32WB05N/hci/stm32wb05n_events.o
                0x08009ea0                hci_le_advertising_report_event_process
 .text.hci_le_connection_update_complete_event_process
                0x0800a05a       0x46 ./Middlewares/ST/STM32WB05N/hci/stm32wb05n_events.o
                0x0800a05a                hci_le_connection_update_complete_event_process
 .text.hci_le_read_remote_features_complete_event_process
                0x0800a0a0       0x30 ./Middlewares/ST/STM32WB05N/hci/stm32wb05n_events.o
                0x0800a0a0                hci_le_read_remote_features_complete_event_process
 .text.hci_le_long_term_key_request_event_process
                0x0800a0d0       0x30 ./Middlewares/ST/STM32WB05N/hci/stm32wb05n_events.o
                0x0800a0d0                hci_le_long_term_key_request_event_process
 .text.hci_le_data_length_change_event_process
                0x0800a100       0x40 ./Middlewares/ST/STM32WB05N/hci/stm32wb05n_events.o
                0x0800a100                hci_le_data_length_change_event_process
 .text.hci_le_read_local_p256_public_key_complete_event_process
                0x0800a140       0x2a ./Middlewares/ST/STM32WB05N/hci/stm32wb05n_events.o
                0x0800a140                hci_le_read_local_p256_public_key_complete_event_process
 .text.hci_le_generate_dhkey_complete_event_process
                0x0800a16a       0x2a ./Middlewares/ST/STM32WB05N/hci/stm32wb05n_events.o
                0x0800a16a                hci_le_generate_dhkey_complete_event_process
 .text.hci_le_enhanced_connection_complete_event_process
                0x0800a194       0x7c ./Middlewares/ST/STM32WB05N/hci/stm32wb05n_events.o
                0x0800a194                hci_le_enhanced_connection_complete_event_process
 .text.hci_le_directed_advertising_report_event_process
                0x0800a210      0x15e ./Middlewares/ST/STM32WB05N/hci/stm32wb05n_events.o
                0x0800a210                hci_le_directed_advertising_report_event_process
 .text.hci_le_phy_update_complete_event_process
                0x0800a36e       0x32 ./Middlewares/ST/STM32WB05N/hci/stm32wb05n_events.o
                0x0800a36e                hci_le_phy_update_complete_event_process
 .text.hci_le_extended_advertising_report_event_process
                0x0800a3a0      0x33e ./Middlewares/ST/STM32WB05N/hci/stm32wb05n_events.o
                0x0800a3a0                hci_le_extended_advertising_report_event_process
 .text.hci_le_periodic_advertising_sync_established_event_process
                0x0800a6de       0x56 ./Middlewares/ST/STM32WB05N/hci/stm32wb05n_events.o
                0x0800a6de                hci_le_periodic_advertising_sync_established_event_process
 .text.hci_le_periodic_advertising_report_event_process
                0x0800a734       0x4c ./Middlewares/ST/STM32WB05N/hci/stm32wb05n_events.o
                0x0800a734                hci_le_periodic_advertising_report_event_process
 .text.hci_le_periodic_advertising_sync_lost_event_process
                0x0800a780       0x26 ./Middlewares/ST/STM32WB05N/hci/stm32wb05n_events.o
                0x0800a780                hci_le_periodic_advertising_sync_lost_event_process
 .text.hci_le_scan_timeout_event_process
                0x0800a7a6       0x1a ./Middlewares/ST/STM32WB05N/hci/stm32wb05n_events.o
                0x0800a7a6                hci_le_scan_timeout_event_process
 .text.hci_le_advertising_set_terminated_event_process
                0x0800a7c0       0x30 ./Middlewares/ST/STM32WB05N/hci/stm32wb05n_events.o
                0x0800a7c0                hci_le_advertising_set_terminated_event_process
 .text.hci_le_scan_request_received_event_process
                0x0800a7f0       0x2c ./Middlewares/ST/STM32WB05N/hci/stm32wb05n_events.o
                0x0800a7f0                hci_le_scan_request_received_event_process
 .text.hci_le_channel_selection_algorithm_event_process
                0x0800a81c       0x2c ./Middlewares/ST/STM32WB05N/hci/stm32wb05n_events.o
                0x0800a81c                hci_le_channel_selection_algorithm_event_process
 .text.hci_le_connectionless_iq_report_event_process
                0x0800a848      0x102 ./Middlewares/ST/STM32WB05N/hci/stm32wb05n_events.o
                0x0800a848                hci_le_connectionless_iq_report_event_process
 .text.hci_le_connection_iq_report_event_process
                0x0800a94a      0x10a ./Middlewares/ST/STM32WB05N/hci/stm32wb05n_events.o
                0x0800a94a                hci_le_connection_iq_report_event_process
 .text.hci_le_cte_request_failed_event_process
                0x0800aa54       0x2e ./Middlewares/ST/STM32WB05N/hci/stm32wb05n_events.o
                0x0800aa54                hci_le_cte_request_failed_event_process
 .text.hci_le_periodic_advertising_sync_transfer_received_event_process
                0x0800aa82       0x72 ./Middlewares/ST/STM32WB05N/hci/stm32wb05n_events.o
                0x0800aa82                hci_le_periodic_advertising_sync_transfer_received_event_process
 .text.hci_le_cis_established_event_process
                0x0800aaf4       0xac ./Middlewares/ST/STM32WB05N/hci/stm32wb05n_events.o
                0x0800aaf4                hci_le_cis_established_event_process
 .text.hci_le_cis_request_event_process
                0x0800aba0       0x32 ./Middlewares/ST/STM32WB05N/hci/stm32wb05n_events.o
                0x0800aba0                hci_le_cis_request_event_process
 .text.hci_le_create_big_complete_event_process
                0x0800abd2       0xc0 ./Middlewares/ST/STM32WB05N/hci/stm32wb05n_events.o
                0x0800abd2                hci_le_create_big_complete_event_process
 .text.hci_le_terminate_big_complete_event_process
                0x0800ac92       0x2a ./Middlewares/ST/STM32WB05N/hci/stm32wb05n_events.o
                0x0800ac92                hci_le_terminate_big_complete_event_process
 .text.hci_le_big_sync_established_event_process
                0x0800acbc       0xa8 ./Middlewares/ST/STM32WB05N/hci/stm32wb05n_events.o
                0x0800acbc                hci_le_big_sync_established_event_process
 .text.hci_le_big_sync_lost_event_process
                0x0800ad64       0x2a ./Middlewares/ST/STM32WB05N/hci/stm32wb05n_events.o
                0x0800ad64                hci_le_big_sync_lost_event_process
 .text.hci_le_request_peer_sca_complete_event_process
                0x0800ad8e       0x30 ./Middlewares/ST/STM32WB05N/hci/stm32wb05n_events.o
                0x0800ad8e                hci_le_request_peer_sca_complete_event_process
 .text.hci_le_path_loss_threshold_event_process
                0x0800adbe       0x2e ./Middlewares/ST/STM32WB05N/hci/stm32wb05n_events.o
                0x0800adbe                hci_le_path_loss_threshold_event_process
 .text.hci_le_transmit_power_reporting_event_process
                0x0800adec       0x4e ./Middlewares/ST/STM32WB05N/hci/stm32wb05n_events.o
                0x0800adec                hci_le_transmit_power_reporting_event_process
 .text.hci_le_biginfo_advertising_report_event_process
                0x0800ae3a       0x8a ./Middlewares/ST/STM32WB05N/hci/stm32wb05n_events.o
                0x0800ae3a                hci_le_biginfo_advertising_report_event_process
 .text.hci_le_subrate_change_event_process
                0x0800aec4       0x52 ./Middlewares/ST/STM32WB05N/hci/stm32wb05n_events.o
                0x0800aec4                hci_le_subrate_change_event_process
 .text.hci_le_periodic_advertising_sync_established_v2_event_process
                0x0800af16       0x7c ./Middlewares/ST/STM32WB05N/hci/stm32wb05n_events.o
                0x0800af16                hci_le_periodic_advertising_sync_established_v2_event_process
 .text.hci_le_periodic_advertising_report_v2_event_process
                0x0800af92       0x60 ./Middlewares/ST/STM32WB05N/hci/stm32wb05n_events.o
                0x0800af92                hci_le_periodic_advertising_report_v2_event_process
 .text.hci_le_periodic_advertising_sync_transfer_received_v2_event_process
                0x0800aff2       0x9e ./Middlewares/ST/STM32WB05N/hci/stm32wb05n_events.o
                0x0800aff2                hci_le_periodic_advertising_sync_transfer_received_v2_event_process
 .text.hci_le_periodic_advertising_subevent_data_request_event_process
                0x0800b090       0x2c ./Middlewares/ST/STM32WB05N/hci/stm32wb05n_events.o
                0x0800b090                hci_le_periodic_advertising_subevent_data_request_event_process
 .text.hci_le_periodic_advertising_response_report_event_process
                0x0800b0bc      0x1f0 ./Middlewares/ST/STM32WB05N/hci/stm32wb05n_events.o
                0x0800b0bc                hci_le_periodic_advertising_response_report_event_process
 .text.hci_le_enhanced_connection_complete_v2_event_process
                0x0800b2ac       0x96 ./Middlewares/ST/STM32WB05N/hci/stm32wb05n_events.o
                0x0800b2ac                hci_le_enhanced_connection_complete_v2_event_process
 .text.hci_encryption_change_event
                0x0800b342       0x1e ./Middlewares/ST/STM32WB05N/hci/stm32wb05n_events_cb.o
                0x0800b342                hci_encryption_change_event
 .text.hci_read_remote_version_information_complete_event
                0x0800b360       0x28 ./Middlewares/ST/STM32WB05N/hci/stm32wb05n_events_cb.o
                0x0800b360                hci_read_remote_version_information_complete_event
 .text.hci_hardware_error_event
                0x0800b388       0x16 ./Middlewares/ST/STM32WB05N/hci/stm32wb05n_events_cb.o
                0x0800b388                hci_hardware_error_event
 .text.hci_number_of_completed_packets_event
                0x0800b39e       0x18 ./Middlewares/ST/STM32WB05N/hci/stm32wb05n_events_cb.o
                0x0800b39e                hci_number_of_completed_packets_event
 .text.hci_data_buffer_overflow_event
                0x0800b3b6       0x16 ./Middlewares/ST/STM32WB05N/hci/stm32wb05n_events_cb.o
                0x0800b3b6                hci_data_buffer_overflow_event
 .text.hci_encryption_key_refresh_complete_event
                0x0800b3cc       0x1c ./Middlewares/ST/STM32WB05N/hci/stm32wb05n_events_cb.o
                0x0800b3cc                hci_encryption_key_refresh_complete_event
 .text.hci_authenticated_payload_timeout_expired_event
                0x0800b3e8       0x16 ./Middlewares/ST/STM32WB05N/hci/stm32wb05n_events_cb.o
                0x0800b3e8                hci_authenticated_payload_timeout_expired_event
 .text.aci_blue_initialized_event
                0x0800b3fe       0x16 ./Middlewares/ST/STM32WB05N/hci/stm32wb05n_events_cb.o
                0x0800b3fe                aci_blue_initialized_event
 .text.aci_blue_crash_info_event
                0x0800b414       0x1c ./Middlewares/ST/STM32WB05N/hci/stm32wb05n_events_cb.o
                0x0800b414                aci_blue_crash_info_event
 .text.aci_hal_end_of_radio_activity_event
                0x0800b430       0x1c ./Middlewares/ST/STM32WB05N/hci/stm32wb05n_events_cb.o
                0x0800b430                aci_hal_end_of_radio_activity_event
 .text.aci_hal_fw_error_event
                0x0800b44c       0x1c ./Middlewares/ST/STM32WB05N/hci/stm32wb05n_events_cb.o
                0x0800b44c                aci_hal_fw_error_event
 .text.aci_hal_le_test_end_event
                0x0800b468       0x16 ./Middlewares/ST/STM32WB05N/hci/stm32wb05n_events_cb.o
                0x0800b468                aci_hal_le_test_end_event
 .text.aci_gap_limited_discoverable_event
                0x0800b47e        0xe ./Middlewares/ST/STM32WB05N/hci/stm32wb05n_events_cb.o
                0x0800b47e                aci_gap_limited_discoverable_event
 .text.aci_gap_passkey_req_event
                0x0800b48c       0x1c ./Middlewares/ST/STM32WB05N/hci/stm32wb05n_events_cb.o
                0x0800b48c                aci_gap_passkey_req_event
 .text.aci_gap_proc_complete_event
                0x0800b4a8       0x20 ./Middlewares/ST/STM32WB05N/hci/stm32wb05n_events_cb.o
                0x0800b4a8                aci_gap_proc_complete_event
 .text.aci_gap_addr_not_resolved_event
                0x0800b4c8       0x16 ./Middlewares/ST/STM32WB05N/hci/stm32wb05n_events_cb.o
                0x0800b4c8                aci_gap_addr_not_resolved_event
 .text.aci_gap_numeric_comparison_value_event
                0x0800b4de       0x18 ./Middlewares/ST/STM32WB05N/hci/stm32wb05n_events_cb.o
                0x0800b4de                aci_gap_numeric_comparison_value_event
 .text.aci_gap_keypress_notification_event
                0x0800b4f6       0x1c ./Middlewares/ST/STM32WB05N/hci/stm32wb05n_events_cb.o
                0x0800b4f6                aci_gap_keypress_notification_event
 .text.aci_gap_pairing_event
                0x0800b512       0x1c ./Middlewares/ST/STM32WB05N/hci/stm32wb05n_events_cb.o
                0x0800b512                aci_gap_pairing_event
 .text.aci_l2cap_connection_update_resp_event
                0x0800b52e       0x1c ./Middlewares/ST/STM32WB05N/hci/stm32wb05n_events_cb.o
                0x0800b52e                aci_l2cap_connection_update_resp_event
 .text.aci_l2cap_proc_timeout_event
                0x0800b54a       0x1c ./Middlewares/ST/STM32WB05N/hci/stm32wb05n_events_cb.o
                0x0800b54a                aci_l2cap_proc_timeout_event
 .text.aci_l2cap_connection_update_req_event
                0x0800b566       0x28 ./Middlewares/ST/STM32WB05N/hci/stm32wb05n_events_cb.o
                0x0800b566                aci_l2cap_connection_update_req_event
 .text.aci_l2cap_cos_disconnection_complete_event
                0x0800b58e       0x1c ./Middlewares/ST/STM32WB05N/hci/stm32wb05n_events_cb.o
                0x0800b58e                aci_l2cap_cos_disconnection_complete_event
 .text.aci_l2cap_cos_flow_control_credit_event
                0x0800b5aa       0x28 ./Middlewares/ST/STM32WB05N/hci/stm32wb05n_events_cb.o
                0x0800b5aa                aci_l2cap_cos_flow_control_credit_event
 .text.aci_l2cap_cos_sdu_data_tx_event
                0x0800b5d2       0x28 ./Middlewares/ST/STM32WB05N/hci/stm32wb05n_events_cb.o
                0x0800b5d2                aci_l2cap_cos_sdu_data_tx_event
 .text.aci_l2cap_cos_sdu_data_rx_nwk_event
                0x0800b5fa       0x28 ./Middlewares/ST/STM32WB05N/hci/stm32wb05n_events_cb.o
                0x0800b5fa                aci_l2cap_cos_sdu_data_rx_nwk_event
 .text.aci_l2cap_cos_reconfiguration_event
                0x0800b622       0x28 ./Middlewares/ST/STM32WB05N/hci/stm32wb05n_events_cb.o
                0x0800b622                aci_l2cap_cos_reconfiguration_event
 .text.aci_l2cap_command_reject_event
                0x0800b64a       0x28 ./Middlewares/ST/STM32WB05N/hci/stm32wb05n_events_cb.o
                0x0800b64a                aci_l2cap_command_reject_event
 .text.aci_l2cap_cos_connection_req_event
                0x0800b672       0x28 ./Middlewares/ST/STM32WB05N/hci/stm32wb05n_events_cb.o
                0x0800b672                aci_l2cap_cos_connection_req_event
 .text.aci_l2cap_cos_connection_resp_event
                0x0800b69a       0x28 ./Middlewares/ST/STM32WB05N/hci/stm32wb05n_events_cb.o
                0x0800b69a                aci_l2cap_cos_connection_resp_event
 .text.aci_gatt_proc_timeout_event
                0x0800b6c2       0x1c ./Middlewares/ST/STM32WB05N/hci/stm32wb05n_events_cb.o
                0x0800b6c2                aci_gatt_proc_timeout_event
 .text.aci_att_exchange_mtu_resp_event
                0x0800b6de       0x1c ./Middlewares/ST/STM32WB05N/hci/stm32wb05n_events_cb.o
                0x0800b6de                aci_att_exchange_mtu_resp_event
 .text.aci_att_clt_find_info_resp_event
                0x0800b6fa       0x28 ./Middlewares/ST/STM32WB05N/hci/stm32wb05n_events_cb.o
                0x0800b6fa                aci_att_clt_find_info_resp_event
 .text.aci_att_clt_find_by_type_value_resp_event
                0x0800b722       0x20 ./Middlewares/ST/STM32WB05N/hci/stm32wb05n_events_cb.o
                0x0800b722                aci_att_clt_find_by_type_value_resp_event
 .text.aci_att_clt_read_by_type_resp_event
                0x0800b742       0x28 ./Middlewares/ST/STM32WB05N/hci/stm32wb05n_events_cb.o
                0x0800b742                aci_att_clt_read_by_type_resp_event
 .text.aci_att_clt_read_resp_event
                0x0800b76a       0x20 ./Middlewares/ST/STM32WB05N/hci/stm32wb05n_events_cb.o
                0x0800b76a                aci_att_clt_read_resp_event
 .text.aci_att_clt_read_blob_resp_event
                0x0800b78a       0x20 ./Middlewares/ST/STM32WB05N/hci/stm32wb05n_events_cb.o
                0x0800b78a                aci_att_clt_read_blob_resp_event
 .text.aci_att_clt_read_multiple_resp_event
                0x0800b7aa       0x20 ./Middlewares/ST/STM32WB05N/hci/stm32wb05n_events_cb.o
                0x0800b7aa                aci_att_clt_read_multiple_resp_event
 .text.aci_att_clt_read_by_group_type_resp_event
                0x0800b7ca       0x28 ./Middlewares/ST/STM32WB05N/hci/stm32wb05n_events_cb.o
                0x0800b7ca                aci_att_clt_read_by_group_type_resp_event
 .text.aci_att_clt_prepare_write_resp_event
                0x0800b7f2       0x28 ./Middlewares/ST/STM32WB05N/hci/stm32wb05n_events_cb.o
                0x0800b7f2                aci_att_clt_prepare_write_resp_event
 .text.aci_att_clt_exec_write_resp_event
                0x0800b81a       0x1c ./Middlewares/ST/STM32WB05N/hci/stm32wb05n_events_cb.o
                0x0800b81a                aci_att_clt_exec_write_resp_event
 .text.aci_gatt_clt_indication_event
                0x0800b836       0x28 ./Middlewares/ST/STM32WB05N/hci/stm32wb05n_events_cb.o
                0x0800b836                aci_gatt_clt_indication_event
 .text.aci_gatt_clt_notification_event
                0x0800b85e       0x28 ./Middlewares/ST/STM32WB05N/hci/stm32wb05n_events_cb.o
                0x0800b85e                aci_gatt_clt_notification_event
 .text.aci_gatt_clt_proc_complete_event
                0x0800b886       0x1e ./Middlewares/ST/STM32WB05N/hci/stm32wb05n_events_cb.o
                0x0800b886                aci_gatt_clt_proc_complete_event
 .text.aci_gatt_clt_error_resp_event
                0x0800b8a4       0x28 ./Middlewares/ST/STM32WB05N/hci/stm32wb05n_events_cb.o
                0x0800b8a4                aci_gatt_clt_error_resp_event
 .text.aci_gatt_clt_disc_read_char_by_uuid_resp_event
                0x0800b8cc       0x28 ./Middlewares/ST/STM32WB05N/hci/stm32wb05n_events_cb.o
                0x0800b8cc                aci_gatt_clt_disc_read_char_by_uuid_resp_event
 .text.aci_gatt_tx_pool_available_event
                0x0800b8f4       0x1c ./Middlewares/ST/STM32WB05N/hci/stm32wb05n_events_cb.o
                0x0800b8f4                aci_gatt_tx_pool_available_event
 .text.aci_gatt_srv_confirmation_event
                0x0800b910       0x1c ./Middlewares/ST/STM32WB05N/hci/stm32wb05n_events_cb.o
                0x0800b910                aci_gatt_srv_confirmation_event
 .text.aci_att_srv_exec_write_req_event
                0x0800b92c       0x1e ./Middlewares/ST/STM32WB05N/hci/stm32wb05n_events_cb.o
                0x0800b92c                aci_att_srv_exec_write_req_event
 .text.aci_gatt_srv_authorize_nwk_event
                0x0800b94a       0x28 ./Middlewares/ST/STM32WB05N/hci/stm32wb05n_events_cb.o
                0x0800b94a                aci_gatt_srv_authorize_nwk_event
 .text.aci_att_clt_read_multiple_var_len_resp_event
                0x0800b972       0x20 ./Middlewares/ST/STM32WB05N/hci/stm32wb05n_events_cb.o
                0x0800b972                aci_att_clt_read_multiple_var_len_resp_event
 .text.hci_le_advertising_report_event
                0x0800b992       0x18 ./Middlewares/ST/STM32WB05N/hci/stm32wb05n_events_cb.o
                0x0800b992                hci_le_advertising_report_event
 .text.hci_le_connection_update_complete_event
                0x0800b9aa       0x28 ./Middlewares/ST/STM32WB05N/hci/stm32wb05n_events_cb.o
                0x0800b9aa                hci_le_connection_update_complete_event
 .text.hci_le_read_remote_features_complete_event
                0x0800b9d2       0x1c ./Middlewares/ST/STM32WB05N/hci/stm32wb05n_events_cb.o
                0x0800b9d2                hci_le_read_remote_features_complete_event
 .text.hci_le_long_term_key_request_event
                0x0800b9ee       0x1c ./Middlewares/ST/STM32WB05N/hci/stm32wb05n_events_cb.o
                0x0800b9ee                hci_le_long_term_key_request_event
 .text.hci_le_data_length_change_event
                0x0800ba0a       0x28 ./Middlewares/ST/STM32WB05N/hci/stm32wb05n_events_cb.o
                0x0800ba0a                hci_le_data_length_change_event
 .text.hci_le_read_local_p256_public_key_complete_event
                0x0800ba32       0x18 ./Middlewares/ST/STM32WB05N/hci/stm32wb05n_events_cb.o
                0x0800ba32                hci_le_read_local_p256_public_key_complete_event
 .text.hci_le_generate_dhkey_complete_event
                0x0800ba4a       0x18 ./Middlewares/ST/STM32WB05N/hci/stm32wb05n_events_cb.o
                0x0800ba4a                hci_le_generate_dhkey_complete_event
 .text.hci_le_directed_advertising_report_event
                0x0800ba62       0x18 ./Middlewares/ST/STM32WB05N/hci/stm32wb05n_events_cb.o
                0x0800ba62                hci_le_directed_advertising_report_event
 .text.hci_le_phy_update_complete_event
                0x0800ba7a       0x28 ./Middlewares/ST/STM32WB05N/hci/stm32wb05n_events_cb.o
                0x0800ba7a                hci_le_phy_update_complete_event
 .text.hci_le_extended_advertising_report_event
                0x0800baa2       0x18 ./Middlewares/ST/STM32WB05N/hci/stm32wb05n_events_cb.o
                0x0800baa2                hci_le_extended_advertising_report_event
 .text.hci_le_periodic_advertising_sync_established_event
                0x0800baba       0x28 ./Middlewares/ST/STM32WB05N/hci/stm32wb05n_events_cb.o
                0x0800baba                hci_le_periodic_advertising_sync_established_event
 .text.hci_le_periodic_advertising_report_event
                0x0800bae2       0x28 ./Middlewares/ST/STM32WB05N/hci/stm32wb05n_events_cb.o
                0x0800bae2                hci_le_periodic_advertising_report_event
 .text.hci_le_periodic_advertising_sync_lost_event
                0x0800bb0a       0x16 ./Middlewares/ST/STM32WB05N/hci/stm32wb05n_events_cb.o
                0x0800bb0a                hci_le_periodic_advertising_sync_lost_event
 .text.hci_le_scan_timeout_event
                0x0800bb20        0xe ./Middlewares/ST/STM32WB05N/hci/stm32wb05n_events_cb.o
                0x0800bb20                hci_le_scan_timeout_event
 .text.hci_le_advertising_set_terminated_event
                0x0800bb2e       0x28 ./Middlewares/ST/STM32WB05N/hci/stm32wb05n_events_cb.o
                0x0800bb2e                hci_le_advertising_set_terminated_event
 .text.hci_le_scan_request_received_event
                0x0800bb56       0x1c ./Middlewares/ST/STM32WB05N/hci/stm32wb05n_events_cb.o
                0x0800bb56                hci_le_scan_request_received_event
 .text.hci_le_channel_selection_algorithm_event
                0x0800bb72       0x1c ./Middlewares/ST/STM32WB05N/hci/stm32wb05n_events_cb.o
                0x0800bb72                hci_le_channel_selection_algorithm_event
 .text.hci_le_connectionless_iq_report_event
                0x0800bb8e       0x28 ./Middlewares/ST/STM32WB05N/hci/stm32wb05n_events_cb.o
                0x0800bb8e                hci_le_connectionless_iq_report_event
 .text.hci_le_connection_iq_report_event
                0x0800bbb6       0x28 ./Middlewares/ST/STM32WB05N/hci/stm32wb05n_events_cb.o
                0x0800bbb6                hci_le_connection_iq_report_event
 .text.hci_le_cte_request_failed_event
                0x0800bbde       0x1c ./Middlewares/ST/STM32WB05N/hci/stm32wb05n_events_cb.o
                0x0800bbde                hci_le_cte_request_failed_event
 .text.hci_le_periodic_advertising_sync_transfer_received_event
                0x0800bbfa       0x28 ./Middlewares/ST/STM32WB05N/hci/stm32wb05n_events_cb.o
                0x0800bbfa                hci_le_periodic_advertising_sync_transfer_received_event
 .text.hci_le_cis_established_event
                0x0800bc22       0x1e ./Middlewares/ST/STM32WB05N/hci/stm32wb05n_events_cb.o
                0x0800bc22                hci_le_cis_established_event
 .text.hci_le_cis_request_event
                0x0800bc40       0x28 ./Middlewares/ST/STM32WB05N/hci/stm32wb05n_events_cb.o
                0x0800bc40                hci_le_cis_request_event
 .text.hci_le_create_big_complete_event
                0x0800bc68       0x1e ./Middlewares/ST/STM32WB05N/hci/stm32wb05n_events_cb.o
                0x0800bc68                hci_le_create_big_complete_event
 .text.hci_le_terminate_big_complete_event
                0x0800bc86       0x1c ./Middlewares/ST/STM32WB05N/hci/stm32wb05n_events_cb.o
                0x0800bc86                hci_le_terminate_big_complete_event
 .text.hci_le_big_sync_established_event
                0x0800bca2       0x22 ./Middlewares/ST/STM32WB05N/hci/stm32wb05n_events_cb.o
                0x0800bca2                hci_le_big_sync_established_event
 .text.hci_le_big_sync_lost_event
                0x0800bcc4       0x1c ./Middlewares/ST/STM32WB05N/hci/stm32wb05n_events_cb.o
                0x0800bcc4                hci_le_big_sync_lost_event
 .text.hci_le_request_peer_sca_complete_event
                0x0800bce0       0x1e ./Middlewares/ST/STM32WB05N/hci/stm32wb05n_events_cb.o
                0x0800bce0                hci_le_request_peer_sca_complete_event
 .text.hci_le_path_loss_threshold_event
                0x0800bcfe       0x1e ./Middlewares/ST/STM32WB05N/hci/stm32wb05n_events_cb.o
                0x0800bcfe                hci_le_path_loss_threshold_event
 .text.hci_le_transmit_power_reporting_event
                0x0800bd1c       0x28 ./Middlewares/ST/STM32WB05N/hci/stm32wb05n_events_cb.o
                0x0800bd1c                hci_le_transmit_power_reporting_event
 .text.hci_le_biginfo_advertising_report_event
                0x0800bd44       0x28 ./Middlewares/ST/STM32WB05N/hci/stm32wb05n_events_cb.o
                0x0800bd44                hci_le_biginfo_advertising_report_event
 .text.hci_le_subrate_change_event
                0x0800bd6c       0x28 ./Middlewares/ST/STM32WB05N/hci/stm32wb05n_events_cb.o
                0x0800bd6c                hci_le_subrate_change_event
 .text.hci_le_periodic_advertising_sync_established_v2_event
                0x0800bd94       0x28 ./Middlewares/ST/STM32WB05N/hci/stm32wb05n_events_cb.o
                0x0800bd94                hci_le_periodic_advertising_sync_established_v2_event
 .text.hci_le_periodic_advertising_report_v2_event
                0x0800bdbc       0x28 ./Middlewares/ST/STM32WB05N/hci/stm32wb05n_events_cb.o
                0x0800bdbc                hci_le_periodic_advertising_report_v2_event
 .text.hci_le_periodic_advertising_sync_transfer_received_v2_event
                0x0800bde4       0x28 ./Middlewares/ST/STM32WB05N/hci/stm32wb05n_events_cb.o
                0x0800bde4                hci_le_periodic_advertising_sync_transfer_received_v2_event
 .text.hci_le_periodic_advertising_subevent_data_request_event
                0x0800be0c       0x1e ./Middlewares/ST/STM32WB05N/hci/stm32wb05n_events_cb.o
                0x0800be0c                hci_le_periodic_advertising_subevent_data_request_event
 .text.hci_le_periodic_advertising_response_report_event
                0x0800be2a       0x28 ./Middlewares/ST/STM32WB05N/hci/stm32wb05n_events_cb.o
                0x0800be2a                hci_le_periodic_advertising_response_report_event
 .text.hci_le_enhanced_connection_complete_v2_event
                0x0800be52       0x28 ./Middlewares/ST/STM32WB05N/hci/stm32wb05n_events_cb.o
                0x0800be52                hci_le_enhanced_connection_complete_v2_event
 .text.hci_reset
                0x0800be7a       0x4e ./Middlewares/ST/STM32WB05N/hci/stm32wb05n_hci_le.o
                0x0800be7a                hci_reset
 .text.hci_read_local_version_information
                0x0800bec8       0x8c ./Middlewares/ST/STM32WB05N/hci/stm32wb05n_hci_le.o
                0x0800bec8                hci_read_local_version_information
 .text.send_cmd
                0x0800bf54       0xe4 ./Middlewares/ST/STM32WB05N/hci/hci_tl_patterns/Basic/hci_tl.o
 .text.move_list
                0x0800c038       0x38 ./Middlewares/ST/STM32WB05N/hci/hci_tl_patterns/Basic/hci_tl.o
 .text.free_event_list
                0x0800c070       0x3c ./Middlewares/ST/STM32WB05N/hci/hci_tl_patterns/Basic/hci_tl.o
 .text.hci_init
                0x0800c0ac       0x84 ./Middlewares/ST/STM32WB05N/hci/hci_tl_patterns/Basic/hci_tl.o
                0x0800c0ac                hci_init
 .text.hci_register_io_bus
                0x0800c130       0x40 ./Middlewares/ST/STM32WB05N/hci/hci_tl_patterns/Basic/hci_tl.o
                0x0800c130                hci_register_io_bus
 .text.hci_send_req
                0x0800c170      0x238 ./Middlewares/ST/STM32WB05N/hci/hci_tl_patterns/Basic/hci_tl.o
                0x0800c170                hci_send_req
 .text.hci_user_evt_proc
                0x0800c3a8       0x58 ./Middlewares/ST/STM32WB05N/hci/hci_tl_patterns/Basic/hci_tl.o
                0x0800c3a8                hci_user_evt_proc
 .text.list_init_head
                0x0800c400       0x20 ./Middlewares/ST/STM32WB05N/utils/ble_list.o
                0x0800c400                list_init_head
 .text.list_is_empty
                0x0800c420       0x44 ./Middlewares/ST/STM32WB05N/utils/ble_list.o
                0x0800c420                list_is_empty
 .text.list_insert_head
                0x0800c464       0x4c ./Middlewares/ST/STM32WB05N/utils/ble_list.o
                0x0800c464                list_insert_head
 .text.list_insert_tail
                0x0800c4b0       0x4c ./Middlewares/ST/STM32WB05N/utils/ble_list.o
                0x0800c4b0                list_insert_tail
 .text.list_remove_node
                0x0800c4fc       0x42 ./Middlewares/ST/STM32WB05N/utils/ble_list.o
                0x0800c4fc                list_remove_node
 .text.list_remove_head
                0x0800c53e       0x4e ./Middlewares/ST/STM32WB05N/utils/ble_list.o
                0x0800c53e                list_remove_head
 .text.list_remove_tail
                0x0800c58c       0x4e ./Middlewares/ST/STM32WB05N/utils/ble_list.o
                0x0800c58c                list_remove_tail
 .text.list_get_size
                0x0800c5da       0x50 ./Middlewares/ST/STM32WB05N/utils/ble_list.o
                0x0800c5da                list_get_size
 *fill*         0x0800c62a        0x2 
 .text.MX_STM32WB05N_Init
                0x0800c62c       0x50 ./STM32WB05N/App/app_stm32wb05n.o
                0x0800c62c                MX_STM32WB05N_Init
 .text.MX_STM32WB05N_Process
                0x0800c67c       0x10 ./STM32WB05N/App/app_stm32wb05n.o
                0x0800c67c                MX_STM32WB05N_Process
 .text.User_Init
                0x0800c68c       0x3c ./STM32WB05N/App/app_stm32wb05n.o
 .text.Sensor_DeviceInit
                0x0800c6c8      0x160 ./STM32WB05N/App/app_stm32wb05n.o
 .text.User_Process
                0x0800c828      0x160 ./STM32WB05N/App/app_stm32wb05n.o
 .text.Set_Random_Environmental_Values
                0x0800c988      0x100 ./STM32WB05N/App/app_stm32wb05n.o
 .text.Set_Random_Motion_Values
                0x0800ca88     0x10dc ./STM32WB05N/App/app_stm32wb05n.o
 .text.Reset_Motion_Values
                0x0800db64      0x1d4 ./STM32WB05N/App/app_stm32wb05n.o
 .text.getSTM32WBVersion
                0x0800dd38       0x88 ./STM32WB05N/App/app_stm32wb05n.o
                0x0800dd38                getSTM32WBVersion
 .text.BSP_PB_Callback
                0x0800ddc0       0x20 ./STM32WB05N/App/app_stm32wb05n.o
                0x0800ddc0                BSP_PB_Callback
 .text.hci_le_enhanced_connection_complete_event
                0x0800dde0       0x4a ./STM32WB05N/App/app_stm32wb05n.o
                0x0800dde0                hci_le_enhanced_connection_complete_event
 *fill*         0x0800de2a        0x2 
 .text.hci_le_connection_complete_event
                0x0800de2c       0x54 ./STM32WB05N/App/app_stm32wb05n.o
                0x0800de2c                hci_le_connection_complete_event
 .text.hci_disconnection_complete_event
                0x0800de80       0x54 ./STM32WB05N/App/app_stm32wb05n.o
                0x0800de80                hci_disconnection_complete_event
 .text.aci_gatt_srv_attribute_modified_event
                0x0800ded4       0x34 ./STM32WB05N/App/app_stm32wb05n.o
                0x0800ded4                aci_gatt_srv_attribute_modified_event
 .text.aci_gap_pairing_complete_event
                0x0800df08       0x30 ./STM32WB05N/App/app_stm32wb05n.o
                0x0800df08                aci_gap_pairing_complete_event
 .text.Add_HWServW2ST_Service
                0x0800df38      0x1b4 ./STM32WB05N/App/gatt_db.o
                0x0800df38                Add_HWServW2ST_Service
 .text.Add_SWServW2ST_Service
                0x0800e0ec      0x11c ./STM32WB05N/App/gatt_db.o
                0x0800e0ec                Add_SWServW2ST_Service
 .text.Environmental_Update
                0x0800e208       0x94 ./STM32WB05N/App/gatt_db.o
                0x0800e208                Environmental_Update
 .text.Acc_Update
                0x0800e29c      0x120 ./STM32WB05N/App/gatt_db.o
                0x0800e29c                Acc_Update
 .text.Quat_Update
                0x0800e3bc       0x98 ./STM32WB05N/App/gatt_db.o
                0x0800e3bc                Quat_Update
 .text.Attribute_Modified_Request_CB
                0x0800e454       0xbc ./STM32WB05N/App/gatt_db.o
                0x0800e454                Attribute_Modified_Request_CB
 .text.Set_DeviceConnectable
                0x0800e510      0x128 ./STM32WB05N/App/sensor.o
                0x0800e510                Set_DeviceConnectable
 .text.APP_UserEvtRx
                0x0800e638      0x114 ./STM32WB05N/App/sensor.o
                0x0800e638                APP_UserEvtRx
 .text.HCI_TL_UART_Init
                0x0800e74c       0x6c ./STM32WB05N/Target/hci_tl_interface.o
                0x0800e74c                HCI_TL_UART_Init
 .text.HCI_TL_UART_DeInit
                0x0800e7b8       0x18 ./STM32WB05N/Target/hci_tl_interface.o
                0x0800e7b8                HCI_TL_UART_DeInit
 .text.HCI_TL_UART_Reset
                0x0800e7d0       0x34 ./STM32WB05N/Target/hci_tl_interface.o
                0x0800e7d0                HCI_TL_UART_Reset
 .text.HCI_TL_UART_Receive
                0x0800e804       0x20 ./STM32WB05N/Target/hci_tl_interface.o
                0x0800e804                HCI_TL_UART_Receive
 .text.HCI_TL_UART_Send
                0x0800e824       0x20 ./STM32WB05N/Target/hci_tl_interface.o
                0x0800e824                HCI_TL_UART_Send
 .text.hci_tl_lowlevel_init
                0x0800e844       0x48 ./STM32WB05N/Target/hci_tl_interface.o
                0x0800e844                hci_tl_lowlevel_init
 .text.HAL_UART_RxCpltCallback
                0x0800e88c       0x34 ./STM32WB05N/Target/hci_tl_interface.o
                0x0800e88c                HAL_UART_RxCpltCallback
 .text.srand    0x0800e8c0       0x5c C:/ST/STM32CubeIDE_1.13.2/STM32CubeIDE/plugins/com.st.stm32cube.ide.mcu.externaltools.gnu-tools-for-stm32.12.3.rel1.win32_1.1.0.202410251130/tools/bin/../lib/gcc/arm-none-eabi/12.3.1/../../../../arm-none-eabi/lib/thumb/v8-m.main+fp/hard\libc_nano.a(libc_a-rand.o)
                0x0800e8c0                srand
 .text.rand     0x0800e91c       0x7c C:/ST/STM32CubeIDE_1.13.2/STM32CubeIDE/plugins/com.st.stm32cube.ide.mcu.externaltools.gnu-tools-for-stm32.12.3.rel1.win32_1.1.0.202410251130/tools/bin/../lib/gcc/arm-none-eabi/12.3.1/../../../../arm-none-eabi/lib/thumb/v8-m.main+fp/hard\libc_nano.a(libc_a-rand.o)
                0x0800e91c                rand
 .text.std      0x0800e998       0x6c C:/ST/STM32CubeIDE_1.13.2/STM32CubeIDE/plugins/com.st.stm32cube.ide.mcu.externaltools.gnu-tools-for-stm32.12.3.rel1.win32_1.1.0.202410251130/tools/bin/../lib/gcc/arm-none-eabi/12.3.1/../../../../arm-none-eabi/lib/thumb/v8-m.main+fp/hard\libc_nano.a(libc_a-findfp.o)
 .text.stdio_exit_handler
                0x0800ea04       0x18 C:/ST/STM32CubeIDE_1.13.2/STM32CubeIDE/plugins/com.st.stm32cube.ide.mcu.externaltools.gnu-tools-for-stm32.12.3.rel1.win32_1.1.0.202410251130/tools/bin/../lib/gcc/arm-none-eabi/12.3.1/../../../../arm-none-eabi/lib/thumb/v8-m.main+fp/hard\libc_nano.a(libc_a-findfp.o)
 .text.cleanup_stdio
                0x0800ea1c       0x40 C:/ST/STM32CubeIDE_1.13.2/STM32CubeIDE/plugins/com.st.stm32cube.ide.mcu.externaltools.gnu-tools-for-stm32.12.3.rel1.win32_1.1.0.202410251130/tools/bin/../lib/gcc/arm-none-eabi/12.3.1/../../../../arm-none-eabi/lib/thumb/v8-m.main+fp/hard\libc_nano.a(libc_a-findfp.o)
 .text.global_stdio_init.part.0
                0x0800ea5c       0x3c C:/ST/STM32CubeIDE_1.13.2/STM32CubeIDE/plugins/com.st.stm32cube.ide.mcu.externaltools.gnu-tools-for-stm32.12.3.rel1.win32_1.1.0.202410251130/tools/bin/../lib/gcc/arm-none-eabi/12.3.1/../../../../arm-none-eabi/lib/thumb/v8-m.main+fp/hard\libc_nano.a(libc_a-findfp.o)
 .text.__sfp_lock_acquire
                0x0800ea98        0xc C:/ST/STM32CubeIDE_1.13.2/STM32CubeIDE/plugins/com.st.stm32cube.ide.mcu.externaltools.gnu-tools-for-stm32.12.3.rel1.win32_1.1.0.202410251130/tools/bin/../lib/gcc/arm-none-eabi/12.3.1/../../../../arm-none-eabi/lib/thumb/v8-m.main+fp/hard\libc_nano.a(libc_a-findfp.o)
                0x0800ea98                __sfp_lock_acquire
 .text.__sfp_lock_release
                0x0800eaa4        0xc C:/ST/STM32CubeIDE_1.13.2/STM32CubeIDE/plugins/com.st.stm32cube.ide.mcu.externaltools.gnu-tools-for-stm32.12.3.rel1.win32_1.1.0.202410251130/tools/bin/../lib/gcc/arm-none-eabi/12.3.1/../../../../arm-none-eabi/lib/thumb/v8-m.main+fp/hard\libc_nano.a(libc_a-findfp.o)
                0x0800eaa4                __sfp_lock_release
 .text.__sinit  0x0800eab0       0x30 C:/ST/STM32CubeIDE_1.13.2/STM32CubeIDE/plugins/com.st.stm32cube.ide.mcu.externaltools.gnu-tools-for-stm32.12.3.rel1.win32_1.1.0.202410251130/tools/bin/../lib/gcc/arm-none-eabi/12.3.1/../../../../arm-none-eabi/lib/thumb/v8-m.main+fp/hard\libc_nano.a(libc_a-findfp.o)
                0x0800eab0                __sinit
 .text._fwalk_sglue
                0x0800eae0       0x3c C:/ST/STM32CubeIDE_1.13.2/STM32CubeIDE/plugins/com.st.stm32cube.ide.mcu.externaltools.gnu-tools-for-stm32.12.3.rel1.win32_1.1.0.202410251130/tools/bin/../lib/gcc/arm-none-eabi/12.3.1/../../../../arm-none-eabi/lib/thumb/v8-m.main+fp/hard\libc_nano.a(libc_a-fwalk.o)
                0x0800eae0                _fwalk_sglue
 .text.__sread  0x0800eb1c       0x22 C:/ST/STM32CubeIDE_1.13.2/STM32CubeIDE/plugins/com.st.stm32cube.ide.mcu.externaltools.gnu-tools-for-stm32.12.3.rel1.win32_1.1.0.202410251130/tools/bin/../lib/gcc/arm-none-eabi/12.3.1/../../../../arm-none-eabi/lib/thumb/v8-m.main+fp/hard\libc_nano.a(libc_a-stdio.o)
                0x0800eb1c                __sread
 .text.__swrite
                0x0800eb3e       0x38 C:/ST/STM32CubeIDE_1.13.2/STM32CubeIDE/plugins/com.st.stm32cube.ide.mcu.externaltools.gnu-tools-for-stm32.12.3.rel1.win32_1.1.0.202410251130/tools/bin/../lib/gcc/arm-none-eabi/12.3.1/../../../../arm-none-eabi/lib/thumb/v8-m.main+fp/hard\libc_nano.a(libc_a-stdio.o)
                0x0800eb3e                __swrite
 .text.__sseek  0x0800eb76       0x24 C:/ST/STM32CubeIDE_1.13.2/STM32CubeIDE/plugins/com.st.stm32cube.ide.mcu.externaltools.gnu-tools-for-stm32.12.3.rel1.win32_1.1.0.202410251130/tools/bin/../lib/gcc/arm-none-eabi/12.3.1/../../../../arm-none-eabi/lib/thumb/v8-m.main+fp/hard\libc_nano.a(libc_a-stdio.o)
                0x0800eb76                __sseek
 .text.__sclose
                0x0800eb9a        0x8 C:/ST/STM32CubeIDE_1.13.2/STM32CubeIDE/plugins/com.st.stm32cube.ide.mcu.externaltools.gnu-tools-for-stm32.12.3.rel1.win32_1.1.0.202410251130/tools/bin/../lib/gcc/arm-none-eabi/12.3.1/../../../../arm-none-eabi/lib/thumb/v8-m.main+fp/hard\libc_nano.a(libc_a-stdio.o)
                0x0800eb9a                __sclose
 .text.memset   0x0800eba2       0x10 C:/ST/STM32CubeIDE_1.13.2/STM32CubeIDE/plugins/com.st.stm32cube.ide.mcu.externaltools.gnu-tools-for-stm32.12.3.rel1.win32_1.1.0.202410251130/tools/bin/../lib/gcc/arm-none-eabi/12.3.1/../../../../arm-none-eabi/lib/thumb/v8-m.main+fp/hard\libc_nano.a(libc_a-memset.o)
                0x0800eba2                memset
 *fill*         0x0800ebb2        0x2 
 .text._close_r
                0x0800ebb4       0x20 C:/ST/STM32CubeIDE_1.13.2/STM32CubeIDE/plugins/com.st.stm32cube.ide.mcu.externaltools.gnu-tools-for-stm32.12.3.rel1.win32_1.1.0.202410251130/tools/bin/../lib/gcc/arm-none-eabi/12.3.1/../../../../arm-none-eabi/lib/thumb/v8-m.main+fp/hard\libc_nano.a(libc_a-closer.o)
                0x0800ebb4                _close_r
 .text._lseek_r
                0x0800ebd4       0x24 C:/ST/STM32CubeIDE_1.13.2/STM32CubeIDE/plugins/com.st.stm32cube.ide.mcu.externaltools.gnu-tools-for-stm32.12.3.rel1.win32_1.1.0.202410251130/tools/bin/../lib/gcc/arm-none-eabi/12.3.1/../../../../arm-none-eabi/lib/thumb/v8-m.main+fp/hard\libc_nano.a(libc_a-lseekr.o)
                0x0800ebd4                _lseek_r
 .text._read_r  0x0800ebf8       0x24 C:/ST/STM32CubeIDE_1.13.2/STM32CubeIDE/plugins/com.st.stm32cube.ide.mcu.externaltools.gnu-tools-for-stm32.12.3.rel1.win32_1.1.0.202410251130/tools/bin/../lib/gcc/arm-none-eabi/12.3.1/../../../../arm-none-eabi/lib/thumb/v8-m.main+fp/hard\libc_nano.a(libc_a-readr.o)
                0x0800ebf8                _read_r
 .text._write_r
                0x0800ec1c       0x24 C:/ST/STM32CubeIDE_1.13.2/STM32CubeIDE/plugins/com.st.stm32cube.ide.mcu.externaltools.gnu-tools-for-stm32.12.3.rel1.win32_1.1.0.202410251130/tools/bin/../lib/gcc/arm-none-eabi/12.3.1/../../../../arm-none-eabi/lib/thumb/v8-m.main+fp/hard\libc_nano.a(libc_a-writer.o)
                0x0800ec1c                _write_r
 .text.__errno  0x0800ec40        0xc C:/ST/STM32CubeIDE_1.13.2/STM32CubeIDE/plugins/com.st.stm32cube.ide.mcu.externaltools.gnu-tools-for-stm32.12.3.rel1.win32_1.1.0.202410251130/tools/bin/../lib/gcc/arm-none-eabi/12.3.1/../../../../arm-none-eabi/lib/thumb/v8-m.main+fp/hard\libc_nano.a(libc_a-errno.o)
                0x0800ec40                __errno
 .text.__libc_init_array
                0x0800ec4c       0x48 C:/ST/STM32CubeIDE_1.13.2/STM32CubeIDE/plugins/com.st.stm32cube.ide.mcu.externaltools.gnu-tools-for-stm32.12.3.rel1.win32_1.1.0.202410251130/tools/bin/../lib/gcc/arm-none-eabi/12.3.1/../../../../arm-none-eabi/lib/thumb/v8-m.main+fp/hard\libc_nano.a(libc_a-init.o)
                0x0800ec4c                __libc_init_array
 .text.__retarget_lock_init_recursive
                0x0800ec94        0x2 C:/ST/STM32CubeIDE_1.13.2/STM32CubeIDE/plugins/com.st.stm32cube.ide.mcu.externaltools.gnu-tools-for-stm32.12.3.rel1.win32_1.1.0.202410251130/tools/bin/../lib/gcc/arm-none-eabi/12.3.1/../../../../arm-none-eabi/lib/thumb/v8-m.main+fp/hard\libc_nano.a(libc_a-lock.o)
                0x0800ec94                __retarget_lock_init_recursive
 .text.__retarget_lock_acquire_recursive
                0x0800ec96        0x2 C:/ST/STM32CubeIDE_1.13.2/STM32CubeIDE/plugins/com.st.stm32cube.ide.mcu.externaltools.gnu-tools-for-stm32.12.3.rel1.win32_1.1.0.202410251130/tools/bin/../lib/gcc/arm-none-eabi/12.3.1/../../../../arm-none-eabi/lib/thumb/v8-m.main+fp/hard\libc_nano.a(libc_a-lock.o)
                0x0800ec96                __retarget_lock_acquire_recursive
 .text.__retarget_lock_release_recursive