../STM32WB05N/Target/hci_tl_interface.c:51:9:HCI_TL_UART_Init	40	static
../STM32WB05N/Target/hci_tl_interface.c:76:9:HCI_TL_UART_DeInit	8	static
../STM32WB05N/Target/hci_tl_interface.c:88:9:HCI_TL_UART_Reset	8	static
../STM32WB05N/Target/hci_tl_interface.c:104:9:HCI_TL_UART_Receive	16	static
../STM32WB05N/Target/hci_tl_interface.c:116:9:HCI_TL_UART_Send	16	static
../STM32WB05N/Target/hci_tl_interface.c:127:6:hci_tl_lowlevel_init	40	static
../STM32WB05N/Target/hci_tl_interface.c:159:6:HAL_UART_RxCpltCallback	16	static
